=== lake env lean Lib/AlgebraicTopology/Hurewicz/SimplexCube.lean (start 02:45:43)
--- exit 0 (02:45:46)
=== lake env lean Lib/AlgebraicTopology/Hurewicz/HomotopyExtension.lean (start 02:45:46)
--- exit 0 (02:45:50)
=== lake env lean Lib/AlgebraicTopology/Hurewicz/PrismOperator.lean (start 02:45:50)
--- exit 0 (02:46:04)
=== lake env lean Lib/AlgebraicTopology/Hurewicz/Straightening.lean (start 02:46:04)
Lib/AlgebraicTopology/Hurewicz/Straightening.lean:799:6: warning: Try this: 
  haveI̵

The goal is a proposition, so `have` is preferred over `haveI`.
The difference between `have` and `haveI` is that `haveI` inlines the value.
But this is not relevant for proofs because of proof irrelevance.

Note: This linter can be disabled with `set_option linter.style.haveILetI false`
Lib/AlgebraicTopology/Hurewicz/Straightening.lean:835:2: warning: Try this: 
  haveI̵

The goal is a proposition, so `have` is preferred over `haveI`.
The difference between `have` and `haveI` is that `haveI` inlines the value.
But this is not relevant for proofs because of proof irrelevance.

Note: This linter can be disabled with `set_option linter.style.haveILetI false`
--- exit 0 (02:46:08)
=== lake env lean Lib/AlgebraicTopology/Hurewicz/CubeTriangulation.lean (start 02:46:08)
--- exit 0 (02:46:11)
=== lake env lean Lib/AlgebraicTopology/Hurewicz/CubeGluing.lean (start 02:46:11)
--- exit 0 (02:46:17)
=== lake env lean Lib/AlgebraicTopology/Hurewicz/Subdivision.lean (start 02:46:17)
--- exit 0 (02:46:23)
=== lake env lean Lib/AlgebraicTopology/Hurewicz/CubeChainDecomposition.lean (start 02:46:23)
Lib/AlgebraicTopology/Hurewicz/CubeChainDecomposition.lean:1399:56: warning: This simp argument is unused:
  Function.update_of_ne hj

Hint: Omit it from the simp argument list.
  [apply] simp [Hurewicz.cubeScaleLeft, ContinuousMap.coe_mk, Hurewicz.cubeCoordinates_succ]

Note: This linter can be disabled with `set_option linter.unusedSimpArgs false`
Lib/AlgebraicTopology/Hurewicz/CubeChainDecomposition.lean:1415:57: warning: This simp argument is unused:
  Function.update_of_ne hj

Hint: Omit it from the simp argument list.
  [apply] simp [Hurewicz.cubeScaleRight, ContinuousMap.coe_mk, Hurewicz.cubeCoordinates_succ]

Note: This linter can be disabled with `set_option linter.unusedSimpArgs false`
Lib/AlgebraicTopology/Hurewicz/CubeChainDecomposition.lean:1535:81: warning: This simp argument is unused:
  hri

Hint: Omit it from the simp argument list.
  [apply] simp [Hurewicz.cubeScaleRight, ContinuousMap.coe_mk, Function.update_self, ht0]

Note: This linter can be disabled with `set_option linter.unusedSimpArgs false`
Lib/AlgebraicTopology/Hurewicz/CubeChainDecomposition.lean:1784:72: warning: This simp argument is unused:
  ContinuousMap.const_comp

Hint: Omit it from the simp argument list.
  [apply] simp [SingularChains.pointChain, SingularChains.inducedChain_simplex]

Note: This linter can be disabled with `set_option linter.unusedSimpArgs false`
--- exit 0 (02:46:29)
=== lake env lean Lib/AlgebraicTopology/Hurewicz/Degree.lean (start 02:46:29)
--- exit 0 (02:46:34)
=== lake env lean Lib/AlgebraicTopology/Hurewicz/CubeSphere.lean (start 02:46:34)
=== lake env lean Lib/AlgebraicTopology/Hurewicz/CubeSphere.lean (start 02:50:31)
Lib/AlgebraicTopology/Hurewicz/CubeSphere.lean:583:32: warning: This simp argument is unused:
  Submodule.coe_sub

Hint: Omit it from the simp argument list.
  [apply] simp only [Submodule.coe_add, Hurewicz.cubeCycle_val, map_sub, hWextra]

Note: This linter can be disabled with `set_option linter.unusedSimpArgs false`
Lib/AlgebraicTopology/Hurewicz/CubeSphere.lean:790:4: warning: Try this: 
  letI̵

The goal is a proposition, so `let` is preferred over `letI`.
The difference between `let` and `letI` is that `letI` inlines the value.
But this is not relevant for proofs because of proof irrelevance.

Note: This linter can be disabled with `set_option linter.style.haveILetI false`
Lib/AlgebraicTopology/Hurewicz/CubeSphere.lean:798:4: warning: Try this: 
  letI̵

The goal is a proposition, so `let` is preferred over `letI`.
The difference between `let` and `letI` is that `letI` inlines the value.
But this is not relevant for proofs because of proof irrelevance.

Note: This linter can be disabled with `set_option linter.style.haveILetI false`
--- exit 0 (02:50:38)
=== lake env lean Lib/AlgebraicTopology/SingularHomology/CrossProduct.lean (start 02:50:38)
--- exit 0 (02:50:45)
=== lake env lean Lib/Topology/Homotopy/CellFilling.lean (start 02:50:45)
--- exit 0 (02:50:49)
