CMD: lake build Hopf.Recognition
START: 1789251754 Sun Sep 13 00:22:34 CEST 2026
⚠ [8717/8804] Replayed Lib.Topology.Homotopy.Suspension
warning: Lib/Topology/Homotopy/Suspension.lean:86:4: The namespace `Suspension` is duplicated in the declaration `Mathoverflow1973.Suspension.Suspension`.

Note: This linter can be disabled with `set_option linter.dupNamespace false`
warning: Lib/Topology/Homotopy/Suspension.lean:93:4: The namespace `Suspension` is duplicated in the declaration `Mathoverflow1973.Suspension.Suspension.mk`.

Note: This linter can be disabled with `set_option linter.dupNamespace false`
warning: Lib/Topology/Homotopy/Suspension.lean:97:8: The namespace `Suspension` is duplicated in the declaration `Mathoverflow1973.Suspension.Suspension.mk_eq_mk_iff`.

Note: This linter can be disabled with `set_option linter.dupNamespace false`
warning: Lib/Topology/Homotopy/Suspension.lean:102:8: The namespace `Suspension` is duplicated in the declaration `Mathoverflow1973.Suspension.Suspension.mk_surjective`.

Note: This linter can be disabled with `set_option linter.dupNamespace false`
warning: Lib/Topology/Homotopy/Suspension.lean:106:8: The namespace `Suspension` is duplicated in the declaration `Mathoverflow1973.Suspension.Suspension.isQuotientMap_mk`.

Note: This linter can be disabled with `set_option linter.dupNamespace false`
warning: Lib/Topology/Homotopy/Suspension.lean:112:8: The namespace `Suspension` is duplicated in the declaration `Mathoverflow1973.Suspension.Suspension.continuous_mk`.

Note: This linter can be disabled with `set_option linter.dupNamespace false`
warning: Lib/Topology/Homotopy/Suspension.lean:116:4: The namespace `Suspension` is duplicated in the declaration `Mathoverflow1973.Suspension.Suspension.height`.

Note: This linter can be disabled with `set_option linter.dupNamespace false`
warning: Lib/Topology/Homotopy/Suspension.lean:121:8: The namespace `Suspension` is duplicated in the declaration `Mathoverflow1973.Suspension.Suspension.continuous_height`.

Note: This linter can be disabled with `set_option linter.dupNamespace false`
warning: Lib/Topology/Homotopy/Suspension.lean:126:8: The namespace `Suspension` is duplicated in the declaration `Mathoverflow1973.Suspension.Suspension.continuous_realHeight`.

Note: This linter can be disabled with `set_option linter.dupNamespace false`
warning: Lib/Topology/Homotopy/Suspension.lean:130:8: The namespace `Suspension` is duplicated in the declaration `Mathoverflow1973.Suspension.Suspension.mk_zero_eq`.

Note: This linter can be disabled with `set_option linter.dupNamespace false`
warning: Lib/Topology/Homotopy/Suspension.lean:134:8: The namespace `Suspension` is duplicated in the declaration `Mathoverflow1973.Suspension.Suspension.mk_one_eq`.

Note: This linter can be disabled with `set_option linter.dupNamespace false`
warning: Lib/Topology/Homotopy/Suspension.lean:138:4: The namespace `Suspension` is duplicated in the declaration `Mathoverflow1973.Suspension.Suspension.northOpen`.

Note: This linter can be disabled with `set_option linter.dupNamespace false`
warning: Lib/Topology/Homotopy/Suspension.lean:142:4: The namespace `Suspension` is duplicated in the declaration `Mathoverflow1973.Suspension.Suspension.southOpen`.

Note: This linter can be disabled with `set_option linter.dupNamespace false`
warning: Lib/Topology/Homotopy/Suspension.lean:147:8: The namespace `Suspension` is duplicated in the declaration `Mathoverflow1973.Suspension.Suspension.mem_northOpen`.

Note: This linter can be disabled with `set_option linter.dupNamespace false`
warning: Lib/Topology/Homotopy/Suspension.lean:152:8: The namespace `Suspension` is duplicated in the declaration `Mathoverflow1973.Suspension.Suspension.mem_southOpen`.

Note: This linter can be disabled with `set_option linter.dupNamespace false`
warning: Lib/Topology/Homotopy/Suspension.lean:156:8: The namespace `Suspension` is duplicated in the declaration `Mathoverflow1973.Suspension.Suspension.northOpen_isOpen`.

Note: This linter can be disabled with `set_option linter.dupNamespace false`
warning: Lib/Topology/Homotopy/Suspension.lean:160:8: The namespace `Suspension` is duplicated in the declaration `Mathoverflow1973.Suspension.Suspension.southOpen_isOpen`.

Note: This linter can be disabled with `set_option linter.dupNamespace false`
warning: Lib/Topology/Homotopy/Suspension.lean:164:8: The namespace `Suspension` is duplicated in the declaration `Mathoverflow1973.Suspension.Suspension.open_cover`.

Note: This linter can be disabled with `set_option linter.dupNamespace false`
warning: Lib/Topology/Homotopy/Suspension.lean:172:4: The namespace `Suspension` is duplicated in the declaration `Mathoverflow1973.Suspension.Suspension.north`.

Note: This linter can be disabled with `set_option linter.dupNamespace false`
warning: Lib/Topology/Homotopy/Suspension.lean:176:4: The namespace `Suspension` is duplicated in the declaration `Mathoverflow1973.Suspension.Suspension.south`.

Note: This linter can be disabled with `set_option linter.dupNamespace false`
warning: Lib/Topology/Homotopy/Suspension.lean:181:8: The namespace `Suspension` is duplicated in the declaration `Mathoverflow1973.Suspension.Suspension.mk_zero`.

Note: This linter can be disabled with `set_option linter.dupNamespace false`
warning: Lib/Topology/Homotopy/Suspension.lean:186:8: The namespace `Suspension` is duplicated in the declaration `Mathoverflow1973.Suspension.Suspension.mk_one`.

Note: This linter can be disabled with `set_option linter.dupNamespace false`
warning: Lib/Topology/Homotopy/Suspension.lean:190:8: The namespace `Suspension` is duplicated in the declaration `Mathoverflow1973.Suspension.Suspension.north_mem_northOpen`.

Note: This linter can be disabled with `set_option linter.dupNamespace false`
warning: Lib/Topology/Homotopy/Suspension.lean:195:8: The namespace `Suspension` is duplicated in the declaration `Mathoverflow1973.Suspension.Suspension.south_mem_southOpen`.

Note: This linter can be disabled with `set_option linter.dupNamespace false`
warning: Lib/Topology/Homotopy/Suspension.lean:200:9: The namespace `Suspension` is duplicated in the declaration `Mathoverflow1973.Suspension.Suspension.instLocal1`.

Note: This linter can be disabled with `set_option linter.dupNamespace false`
warning: Lib/Topology/Homotopy/Suspension.lean:204:7: The namespace `Suspension` is duplicated in the declaration `Mathoverflow1973.Suspension.Suspension.middleBand`.

Note: This linter can be disabled with `set_option linter.dupNamespace false`
warning: Lib/Topology/Homotopy/Suspension.lean:207:7: The namespace `Suspension` is duplicated in the declaration `Mathoverflow1973.Suspension.Suspension.middleCylinder`.

Note: This linter can be disabled with `set_option linter.dupNamespace false`
warning: Lib/Topology/Homotopy/Suspension.lean:210:8: The namespace `Suspension` is duplicated in the declaration `Mathoverflow1973.Suspension.Suspension.middleBand_isOpen`.

Note: This linter can be disabled with `set_option linter.dupNamespace false`
warning: Lib/Topology/Homotopy/Suspension.lean:214:8: The namespace `Suspension` is duplicated in the declaration `Mathoverflow1973.Suspension.Suspension.middleCylinder_height`.

Note: This linter can be disabled with `set_option linter.dupNamespace false`
warning: Lib/Topology/Homotopy/Suspension.lean:218:8: The namespace `Suspension` is duplicated in the declaration `Mathoverflow1973.Suspension.Suspension.middleBand_restrict_injective`.

Note: This linter can be disabled with `set_option linter.dupNamespace false`
warning: Lib/Topology/Homotopy/Suspension.lean:238:4: The namespace `Suspension` is duplicated in the declaration `Mathoverflow1973.Suspension.Suspension.middleBandQuotientHomeomorph`.

Note: This linter can be disabled with `set_option linter.dupNamespace false`
warning: Lib/Topology/Homotopy/Suspension.lean:245:4: The namespace `Suspension` is duplicated in the declaration `Mathoverflow1973.Suspension.Suspension.middleCylinderHomeomorph`.

Note: This linter can be disabled with `set_option linter.dupNamespace false`
warning: Lib/Topology/Homotopy/Suspension.lean:264:4: The namespace `Suspension` is duplicated in the declaration `Mathoverflow1973.Suspension.Suspension.middleBandHomeomorph`.

Note: This linter can be disabled with `set_option linter.dupNamespace false`
warning: Lib/Topology/Homotopy/Suspension.lean:268:9: The namespace `Suspension` is duplicated in the declaration `Mathoverflow1973.Suspension.Suspension.middleInterval_contractibleSpace`.

Note: This linter can be disabled with `set_option linter.dupNamespace false`
warning: Lib/Topology/Homotopy/Suspension.lean:272:4: The namespace `Suspension` is duplicated in the declaration `Mathoverflow1973.Suspension.Suspension.middleBandHomotopyEquiv`.

Note: This linter can be disabled with `set_option linter.dupNamespace false`
warning: Lib/Topology/Homotopy/Suspension.lean:279:8: The namespace `Suspension` is duplicated in the declaration `Mathoverflow1973.Suspension.Suspension.joined_north`.

Note: This linter can be disabled with `set_option linter.dupNamespace false`
warning: Lib/Topology/Homotopy/Suspension.lean:294:9: The namespace `Suspension` is duplicated in the declaration `Mathoverflow1973.Suspension.Suspension.suspension_pathConnectedSpace`.

Note: This linter can be disabled with `set_option linter.dupNamespace false`
warning: Lib/Topology/Homotopy/Suspension.lean:300:4: The namespace `Suspension` is duplicated in the declaration `Mathoverflow1973.Suspension.Suspension.liftFromSurjection`.

Note: This linter can be disabled with `set_option linter.dupNamespace false`
warning: Lib/Topology/Homotopy/Suspension.lean:304:8: The namespace `Suspension` is duplicated in the declaration `Mathoverflow1973.Suspension.Suspension.liftFromSurjection_comp`.

Note: This linter can be disabled with `set_option linter.dupNamespace false`
warning: Lib/Topology/Homotopy/Suspension.lean:310:8: The namespace `Suspension` is duplicated in the declaration `Mathoverflow1973.Suspension.Suspension.liftFromSurjection_continuous`.

Note: This linter can be disabled with `set_option linter.dupNamespace false`
warning: Lib/Topology/Homotopy/Suspension.lean:320:7: The namespace `Suspension` is duplicated in the declaration `Mathoverflow1973.Suspension.Suspension.NorthCylinder`.

Note: This linter can be disabled with `set_option linter.dupNamespace false`
warning: Lib/Topology/Homotopy/Suspension.lean:324:4: The namespace `Suspension` is duplicated in the declaration `Mathoverflow1973.Suspension.Suspension.northProjection`.

Note: This linter can be disabled with `set_option linter.dupNamespace false`
warning: Lib/Topology/Homotopy/Suspension.lean:330:8: The namespace `Suspension` is duplicated in the declaration `Mathoverflow1973.Suspension.Suspension.northProjection_isQuotientMap`.

Note: This linter can be disabled with `set_option linter.dupNamespace false`
warning: Lib/Topology/Homotopy/Suspension.lean:335:4: The namespace `Suspension` is duplicated in the declaration `Mathoverflow1973.Suspension.Suspension.northCylinderContraction`.

Note: This linter can be disabled with `set_option linter.dupNamespace false`
warning: Lib/Topology/Homotopy/Suspension.lean:343:8: The namespace `Suspension` is duplicated in the declaration `Mathoverflow1973.Suspension.Suspension.northCylinderContraction_respects`.

Note: This linter can be disabled with `set_option linter.dupNamespace false`
warning: Lib/Topology/Homotopy/Suspension.lean:365:8: The namespace `Suspension` is duplicated in the declaration `Mathoverflow1973.Suspension.Suspension.northCylinderContraction_continuous`.

Note: This linter can be disabled with `set_option linter.dupNamespace false`
warning: Lib/Topology/Homotopy/Suspension.lean:380:4: The namespace `Suspension` is duplicated in the declaration `Mathoverflow1973.Suspension.Suspension.northContract`.

Note: This linter can be disabled with `set_option linter.dupNamespace false`
warning: Lib/Topology/Homotopy/Suspension.lean:387:8: The namespace `Suspension` is duplicated in the declaration `Mathoverflow1973.Suspension.Suspension.northContract_projection`.

Note: This linter can be disabled with `set_option linter.dupNamespace false`
warning: Lib/Topology/Homotopy/Suspension.lean:393:8: The namespace `Suspension` is duplicated in the declaration `Mathoverflow1973.Suspension.Suspension.northContract_continuous`.

Note: This linter can be disabled with `set_option linter.dupNamespace false`
warning: Lib/Topology/Homotopy/Suspension.lean:398:4: The namespace `Suspension` is duplicated in the declaration `Mathoverflow1973.Suspension.Suspension.northContraction`.

Note: This linter can be disabled with `set_option linter.dupNamespace false`
warning: Lib/Topology/Homotopy/Suspension.lean:422:9: The namespace `Suspension` is duplicated in the declaration `Mathoverflow1973.Suspension.Suspension.northOpen_contractibleSpace`.

Note: This linter can be disabled with `set_option linter.dupNamespace false`
warning: Lib/Topology/Homotopy/Suspension.lean:427:7: The namespace `Suspension` is duplicated in the declaration `Mathoverflow1973.Suspension.Suspension.SouthCylinder`.

Note: This linter can be disabled with `set_option linter.dupNamespace false`
warning: Lib/Topology/Homotopy/Suspension.lean:431:4: The namespace `Suspension` is duplicated in the declaration `Mathoverflow1973.Suspension.Suspension.southProjection`.

Note: This linter can be disabled with `set_option linter.dupNamespace false`
warning: Lib/Topology/Homotopy/Suspension.lean:437:8: The namespace `Suspension` is duplicated in the declaration `Mathoverflow1973.Suspension.Suspension.southProjection_isQuotientMap`.

Note: This linter can be disabled with `set_option linter.dupNamespace false`
warning: Lib/Topology/Homotopy/Suspension.lean:442:4: The namespace `Suspension` is duplicated in the declaration `Mathoverflow1973.Suspension.Suspension.southCylinderContraction`.

Note: This linter can be disabled with `set_option linter.dupNamespace false`
warning: Lib/Topology/Homotopy/Suspension.lean:459:8: The namespace `Suspension` is duplicated in the declaration `Mathoverflow1973.Suspension.Suspension.southCylinderContraction_respects`.

Note: This linter can be disabled with `set_option linter.dupNamespace false`
warning: Lib/Topology/Homotopy/Suspension.lean:484:8: The namespace `Suspension` is duplicated in the declaration `Mathoverflow1973.Suspension.Suspension.southCylinderContraction_continuous`.

Note: This linter can be disabled with `set_option linter.dupNamespace false`
warning: Lib/Topology/Homotopy/Suspension.lean:501:4: The namespace `Suspension` is duplicated in the declaration `Mathoverflow1973.Suspension.Suspension.southContract`.

Note: This linter can be disabled with `set_option linter.dupNamespace false`
warning: Lib/Topology/Homotopy/Suspension.lean:508:8: The namespace `Suspension` is duplicated in the declaration `Mathoverflow1973.Suspension.Suspension.southContract_projection`.

Note: This linter can be disabled with `set_option linter.dupNamespace false`
warning: Lib/Topology/Homotopy/Suspension.lean:514:8: The namespace `Suspension` is duplicated in the declaration `Mathoverflow1973.Suspension.Suspension.southContract_continuous`.

Note: This linter can be disabled with `set_option linter.dupNamespace false`
warning: Lib/Topology/Homotopy/Suspension.lean:519:4: The namespace `Suspension` is duplicated in the declaration `Mathoverflow1973.Suspension.Suspension.southContraction`.

Note: This linter can be disabled with `set_option linter.dupNamespace false`
warning: Lib/Topology/Homotopy/Suspension.lean:547:9: The namespace `Suspension` is duplicated in the declaration `Mathoverflow1973.Suspension.Suspension.southOpen_contractibleSpace`.

Note: This linter can be disabled with `set_option linter.dupNamespace false`
warning: Lib/Topology/Homotopy/Suspension.lean:553:8: The namespace `Suspension` is duplicated in the declaration `Mathoverflow1973.Suspension.Suspension.middleBandHomotopyEquiv_apply`.

Note: This linter can be disabled with `set_option linter.dupNamespace false`
warning: Lib/Topology/Homotopy/Suspension.lean:558:9: The namespace `Suspension` is duplicated in the declaration `Mathoverflow1973.Suspension.Suspension.suspension_compactSpace`.

Note: This linter can be disabled with `set_option linter.dupNamespace false`
⚠ [8735/8804] Replayed Lib.AlgebraicTopology.Hurewicz.CubeChainDecomposition
warning: Lib/AlgebraicTopology/Hurewicz/CubeChainDecomposition.lean:1220:62: This simp argument is unused:
  Function.update_of_ne hj

Hint: Omit it from the simp argument list.
  [apply] simp [HigherHurewicz.cubeScaleLeft, ContinuousMap.coe_mk, HigherHurewicz.cubeCoordinates_succ]

Note: This linter can be disabled with `set_option linter.unusedSimpArgs false`
warning: Lib/AlgebraicTopology/Hurewicz/CubeChainDecomposition.lean:1236:63: This simp argument is unused:
  Function.update_of_ne hj

Hint: Omit it from the simp argument list.
  [apply] simp [HigherHurewicz.cubeScaleRight, ContinuousMap.coe_mk, HigherHurewicz.cubeCoordinates_succ]

Note: This linter can be disabled with `set_option linter.unusedSimpArgs false`
warning: Lib/AlgebraicTopology/Hurewicz/CubeChainDecomposition.lean:1356:87: This simp argument is unused:
  hri

Hint: Omit it from the simp argument list.
  [apply] simp [HigherHurewicz.cubeScaleRight, ContinuousMap.coe_mk, Function.update_self, ht0]

Note: This linter can be disabled with `set_option linter.unusedSimpArgs false`
warning: Lib/AlgebraicTopology/Hurewicz/CubeChainDecomposition.lean:1601:72: This simp argument is unused:
  ContinuousMap.const_comp

Hint: Omit it from the simp argument list.
  [apply] simp [SingularChains.pointChain, SingularChains.inducedChain_simplex]

Note: This linter can be disabled with `set_option linter.unusedSimpArgs false`
⚠ [8736/8804] Replayed Lib.AlgebraicTopology.Hurewicz.Straightening
warning: Lib/AlgebraicTopology/Hurewicz/Straightening.lean:756:6: Try this: 
  haveI̵

The goal is a proposition, so `have` is preferred over `haveI`.
The difference between `have` and `haveI` is that `haveI` inlines the value.
But this is not relevant for proofs because of proof irrelevance.

Note: This linter can be disabled with `set_option linter.style.haveILetI false`
warning: Lib/AlgebraicTopology/Hurewicz/Straightening.lean:792:2: Try this: 
  haveI̵

The goal is a proposition, so `have` is preferred over `haveI`.
The difference between `have` and `haveI` is that `haveI` inlines the value.
But this is not relevant for proofs because of proof irrelevance.

Note: This linter can be disabled with `set_option linter.style.haveILetI false`
⚠ [8737/8804] Replayed Lib.AlgebraicTopology.Hurewicz.CubeSphere
warning: Lib/AlgebraicTopology/Hurewicz/CubeSphere.lean:494:32: This simp argument is unused:
  Submodule.coe_sub

Hint: Omit it from the simp argument list.
  [apply] simp only [Submodule.coe_add, HigherHurewicz.cubeCycle_val, map_sub, hWextra]

Note: This linter can be disabled with `set_option linter.unusedSimpArgs false`
warning: Lib/AlgebraicTopology/Hurewicz/CubeSphere.lean:691:4: Try this: 
  letI̵

The goal is a proposition, so `let` is preferred over `letI`.
The difference between `let` and `letI` is that `letI` inlines the value.
But this is not relevant for proofs because of proof irrelevance.

Note: This linter can be disabled with `set_option linter.style.haveILetI false`
warning: Lib/AlgebraicTopology/Hurewicz/CubeSphere.lean:699:4: Try this: 
  letI̵

The goal is a proposition, so `let` is preferred over `letI`.
The difference between `let` and `letI` is that `letI` inlines the value.
But this is not relevant for proofs because of proof irrelevance.

Note: This linter can be disabled with `set_option linter.style.haveILetI false`
⚠ [8740/8804] Replayed Lib.AlgebraicTopology.Hurewicz.HopfDegree
warning: Lib/AlgebraicTopology/Hurewicz/HopfDegree.lean:61:4: Try this: 
  letI̵

The goal is a proposition, so `let` is preferred over `letI`.
The difference between `let` and `letI` is that `letI` inlines the value.
But this is not relevant for proofs because of proof irrelevance.

Note: This linter can be disabled with `set_option linter.style.haveILetI false`
warning: Lib/AlgebraicTopology/Hurewicz/HopfDegree.lean:62:4: Try this: 
  letI̵

The goal is a proposition, so `let` is preferred over `letI`.
The difference between `let` and `letI` is that `letI` inlines the value.
But this is not relevant for proofs because of proof irrelevance.

Note: This linter can be disabled with `set_option linter.style.haveILetI false`
warning: Lib/AlgebraicTopology/Hurewicz/HopfDegree.lean:79:2: Try this: 
  letI̵

The goal is a proposition, so `let` is preferred over `letI`.
The difference between `let` and `letI` is that `letI` inlines the value.
But this is not relevant for proofs because of proof irrelevance.

Note: This linter can be disabled with `set_option linter.style.haveILetI false`
✔ [8745/8804] Built Lib.GroupTheory.SplitExtension (7.0s)
✔ [8746/8804] Built Lib.Geometry.Manifold.ChartedSpace.Transport (7.3s)
✔ [8747/8804] Built Lib.AlgebraicTopology.FundamentalGroup.SimplyConnectedCover (7.3s)
⚠ [8748/8804] Built Lib.Topology.Homotopy.LocalCollapse (9.0s)
warning: Lib/Topology/Homotopy/LocalCollapse.lean:62:10: The namespace `LocalCollapse` is duplicated in the declaration `Mathoverflow1973.LocalCollapse.LocalCollapse`.

Note: This linter can be disabled with `set_option linter.dupNamespace false`
warning: Lib/Topology/Homotopy/LocalCollapse.lean:64:2: The namespace `LocalCollapse` is duplicated in the declaration `Mathoverflow1973.LocalCollapse.LocalCollapse.homotopy`.

Note: This linter can be disabled with `set_option linter.dupNamespace false`
warning: Lib/Topology/Homotopy/LocalCollapse.lean:69:2: The namespace `LocalCollapse` is duplicated in the declaration `Mathoverflow1973.LocalCollapse.LocalCollapse.isOpen_collapseSet`.

Note: This linter can be disabled with `set_option linter.dupNamespace false`
warning: Lib/Topology/Homotopy/LocalCollapse.lean:65:2: The namespace `LocalCollapse` is duplicated in the declaration `Mathoverflow1973.LocalCollapse.LocalCollapse.map_zero`.

Note: This linter can be disabled with `set_option linter.dupNamespace false`
warning: Lib/Topology/Homotopy/LocalCollapse.lean:62:10: The namespace `LocalCollapse` is duplicated in the declaration `Mathoverflow1973.LocalCollapse.LocalCollapse.mk`.

Note: This linter can be disabled with `set_option linter.dupNamespace false`
warning: Lib/Topology/Homotopy/LocalCollapse.lean:66:2: The namespace `LocalCollapse` is duplicated in the declaration `Mathoverflow1973.LocalCollapse.LocalCollapse.fixes_zero`.

Note: This linter can be disabled with `set_option linter.dupNamespace false`
warning: Lib/Topology/Homotopy/LocalCollapse.lean:67:2: The namespace `LocalCollapse` is duplicated in the declaration `Mathoverflow1973.LocalCollapse.LocalCollapse.nonincreasing`.

Note: This linter can be disabled with `set_option linter.dupNamespace false`
warning: Lib/Topology/Homotopy/LocalCollapse.lean:68:2: The namespace `LocalCollapse` is duplicated in the declaration `Mathoverflow1973.LocalCollapse.LocalCollapse.collapseSet`.

Note: This linter can be disabled with `set_option linter.dupNamespace false`
warning: Lib/Topology/Homotopy/LocalCollapse.lean:70:2: The namespace `LocalCollapse` is duplicated in the declaration `Mathoverflow1973.LocalCollapse.LocalCollapse.map_one_zero`.

Note: This linter can be disabled with `set_option linter.dupNamespace false`
warning: Lib/Topology/Homotopy/LocalCollapse.lean:72:4: The namespace `LocalCollapse` is duplicated in the declaration `Mathoverflow1973.LocalCollapse.LocalCollapse.identity`.

Note: This linter can be disabled with `set_option linter.dupNamespace false`
warning: Lib/Topology/Homotopy/LocalCollapse.lean:83:4: The namespace `LocalCollapse` is duplicated in the declaration `Mathoverflow1973.LocalCollapse.LocalCollapse.comp`.

Note: This linter can be disabled with `set_option linter.dupNamespace false`
warning: Lib/Topology/Homotopy/LocalCollapse.lean:111:8: The namespace `LocalCollapse` is duplicated in the declaration `Mathoverflow1973.LocalCollapse.LocalCollapse.mem_comp_collapseSet_of_zero`.

Note: This linter can be disabled with `set_option linter.dupNamespace false`
warning: Lib/Topology/Homotopy/LocalCollapse.lean:120:4: The namespace `LocalCollapse` is duplicated in the declaration `Mathoverflow1973.LocalCollapse.LocalCollapse.combine`.

Note: This linter can be disabled with `set_option linter.dupNamespace false`
warning: Lib/Topology/Homotopy/LocalCollapse.lean:126:8: The namespace `LocalCollapse` is duplicated in the declaration `Mathoverflow1973.LocalCollapse.LocalCollapse.mem_combine_collapseSet_of_zero`.

Note: This linter can be disabled with `set_option linter.dupNamespace false`
✔ [8749/8804] Built Lib.Topology.Homotopy.SublevelRetraction (10s)
✔ [8750/8804] Built Lib.Topology.FiberBundle.TwoOpenTransition (10s)
✔ [8751/8804] Built Lib.Geometry.Manifold.Complex.Biholomorph (11s)
✔ [8752/8804] Built Lib.AlgebraicTopology.SingularHomology.Coproduct (11s)
✔ [8753/8804] Built Lib.Topology.MappingTorus.Basic (11s)
✔ [8754/8804] Built Lib.Topology.Covering.Quotient (11s)
✔ [8755/8804] Built Lib.Topology.Algebra.FreeActionLocus (14s)
✔ [8756/8804] Built Lib.AlgebraicTopology.SingularHomology.Naturality (14s)
✔ [8757/8804] Built Lib.Topology.Covering.DiagonalQuotient (14s)
✔ [8758/8804] Built Lib.Analysis.Complex.RiemannMapping.Steps (14s)
✔ [8759/8804] Built Lib.AlgebraicTopology.SingularHomology.LocalDegree (15s)
✔ [8760/8804] Built Lib.GroupTheory.PresentedGroup.CentralTwist (8.4s)
✔ [8761/8804] Built Lib.Topology.Covering.InvariantSubset (16s)
✔ [8762/8804] Built Lib.AlgebraicTopology.FundamentalGroup.TwoSimplyConnectedCover (9.2s)
✔ [8763/8804] Built Lib.AlgebraicTopology.SingularHomology.LocalContributions (5.1s)
✔ [8764/8804] Built Lib.Geometry.Manifold.Quotient.Atlas (4.8s)
✔ [8765/8804] Built Lib.Topology.MappingTorus.HomologyCover (7.2s)
✔ [8766/8804] Built Lib.Geometry.Manifold.Quotient.LocalOrbit (5.3s)
✔ [8767/8804] Built Lib.Analysis.Complex.RiemannMapping (9.9s)
✔ [8768/8804] Built Lib.AlgebraicTopology.FundamentalGroup.VanKampen (9.0s)
✔ [8769/8804] Built Lib.Analysis.Calculus.MorseLemma (29s)
✔ [8770/8804] Built Lib.Analysis.Complex.SquareRoot (4.0s)
✔ [8771/8804] Built Lib.Geometry.Manifold.Flow.Compact (5.7s)
✔ [8772/8804] Built Lib.Analysis.Complex.Cousin (6.5s)
✔ [8773/8804] Built Lib.Geometry.Manifold.RegularLevel (4.7s)
✔ [8774/8804] Built Lib.Geometry.Manifold.Morse.HandleAttachment (6.5s)
✔ [8775/8804] Built Lib.Geometry.Manifold.Flow.HeightTranslating (8.2s)
✔ [8776/8804] Built Lib.Geometry.Manifold.Morse.SublevelSets (3.8s)
✔ [8777/8804] Built Lib.Geometry.Manifold.Morse.Index (4.3s)
✔ [8778/8804] Built Lib.Analysis.ODE.SmoothFlow (8.9s)
✔ [8779/8804] Built Lib.Geometry.Manifold.Morse.Existence (12s)
✔ [8780/8804] Built Lib.Topology.Homotopy.CylinderHEP (4.0s)
✔ [8781/8804] Built Lib.Topology.Homotopy.CellFilling (3.8s)
✔ [8782/8804] Built Lib.AlgebraicTopology.SingularHomology.PathClass (4.6s)
✔ [8783/8804] Built Lib.Geometry.Manifold.WhitneyEmbedding (10s)
✔ [8784/8804] Built Lib.Geometry.Manifold.VectorBundle.ProjectionBundle (5.2s)
✔ [8785/8804] Built Lib.Geometry.Manifold.Collar (17s)
✔ [8786/8804] Built Lib.Topology.Homotopy.CellAttachment (7.5s)
✔ [8787/8804] Built Hopf.LibShims (2.0s)
✔ [8788/8804] Built Lib.Geometry.Manifold.Morse.CellStructure (7.1s)
✔ [8789/8804] Built Lib.Geometry.Manifold.Morse.SurgeryWindows (94s)
✔ [8790/8804] Built Hopf.DifferentialTopology (5.1s)
✔ [8791/8804] Built Hopf.SingularHomology (165s)
✔ [8792/8804] Built Hopf.SphereTopology (99s)
⚠ [8793/8804] Built Hopf.Hurewicz (4.9s)
warning: Hopf/Hurewicz.lean:343:21: Used `tac1 <;> tac2` where `(tac1; tac2)` would suffice

Note: This linter can be disabled with `set_option linter.unnecessarySeqFocus false`
✔ [8794/8804] Built Hopf.FiniteCore (6.2s)
✔ [8795/8804] Built Hopf.Shortcuts (3.4s)
✔ [8796/8804] Built Hopf.LCP.LocalModels (44s)
✔ [8797/8804] Built Hopf.LCP.CuspFilling (45s)
✔ [8798/8804] Built Hopf.LCP.Specialization (44s)
✔ [8799/8804] Built Hopf.LCP.PeriodConstruction (45s)
✔ [8800/8804] Built Hopf.LCP.AnalyticFillings (28s)
✔ [8801/8804] Built Hopf.LCP.GlobalAssembly (22s)
✔ [8802/8804] Built Hopf.LCP.BoundaryTopology (70s)
✔ [8803/8804] Built Hopf.LCP.IntegralHomology (75s)
✔ [8804/8804] Built Hopf.Recognition (41s)
Build completed successfully (8804 jobs).
END: 1789252656 Sun Sep 13 00:37:36 CEST 2026
EXIT: 0
