CMD: PATH=/tmp/shared-lean-copy/toolchain-v4.33.0/bin:$PATH lake build Lib.AlgebraicTopology.Hurewicz.Naturality
start 05:02:22 epoch 1789268542
⚠ [8728/8736] Replayed Lib.AlgebraicTopology.Hurewicz.CubeChainDecomposition
warning: Lib/AlgebraicTopology/Hurewicz/CubeChainDecomposition.lean:1399:56: This simp argument is unused:
  Function.update_of_ne hj

Hint: Omit it from the simp argument list.
  [apply] simp [Hurewicz.cubeScaleLeft, ContinuousMap.coe_mk, Hurewicz.cubeCoordinates_succ]

Note: This linter can be disabled with `set_option linter.unusedSimpArgs false`
warning: Lib/AlgebraicTopology/Hurewicz/CubeChainDecomposition.lean:1415:57: This simp argument is unused:
  Function.update_of_ne hj

Hint: Omit it from the simp argument list.
  [apply] simp [Hurewicz.cubeScaleRight, ContinuousMap.coe_mk, Hurewicz.cubeCoordinates_succ]

Note: This linter can be disabled with `set_option linter.unusedSimpArgs false`
warning: Lib/AlgebraicTopology/Hurewicz/CubeChainDecomposition.lean:1535:81: This simp argument is unused:
  hri

Hint: Omit it from the simp argument list.
  [apply] simp [Hurewicz.cubeScaleRight, ContinuousMap.coe_mk, Function.update_self, ht0]

Note: This linter can be disabled with `set_option linter.unusedSimpArgs false`
warning: Lib/AlgebraicTopology/Hurewicz/CubeChainDecomposition.lean:1784:72: This simp argument is unused:
  ContinuousMap.const_comp

Hint: Omit it from the simp argument list.
  [apply] simp [SingularChains.pointChain, SingularChains.inducedChain_simplex]

Note: This linter can be disabled with `set_option linter.unusedSimpArgs false`
⚠ [8729/8736] Replayed Lib.AlgebraicTopology.Hurewicz.Straightening
warning: Lib/AlgebraicTopology/Hurewicz/Straightening.lean:799:6: Try this: 
  haveI̵

The goal is a proposition, so `have` is preferred over `haveI`.
The difference between `have` and `haveI` is that `haveI` inlines the value.
But this is not relevant for proofs because of proof irrelevance.

Note: This linter can be disabled with `set_option linter.style.haveILetI false`
warning: Lib/AlgebraicTopology/Hurewicz/Straightening.lean:835:2: Try this: 
  haveI̵

The goal is a proposition, so `have` is preferred over `haveI`.
The difference between `have` and `haveI` is that `haveI` inlines the value.
But this is not relevant for proofs because of proof irrelevance.

Note: This linter can be disabled with `set_option linter.style.haveILetI false`
⚠ [8731/8736] Replayed Lib.AlgebraicTopology.Hurewicz.CubeSphere
warning: Lib/AlgebraicTopology/Hurewicz/CubeSphere.lean:583:32: This simp argument is unused:
  Submodule.coe_sub

Hint: Omit it from the simp argument list.
  [apply] simp only [Submodule.coe_add, Hurewicz.cubeCycle_val, map_sub, hWextra]

Note: This linter can be disabled with `set_option linter.unusedSimpArgs false`
warning: Lib/AlgebraicTopology/Hurewicz/CubeSphere.lean:790:4: Try this: 
  letI̵

The goal is a proposition, so `let` is preferred over `letI`.
The difference between `let` and `letI` is that `letI` inlines the value.
But this is not relevant for proofs because of proof irrelevance.

Note: This linter can be disabled with `set_option linter.style.haveILetI false`
warning: Lib/AlgebraicTopology/Hurewicz/CubeSphere.lean:798:4: Try this: 
  letI̵

The goal is a proposition, so `let` is preferred over `letI`.
The difference between `let` and `letI` is that `letI` inlines the value.
But this is not relevant for proofs because of proof irrelevance.

Note: This linter can be disabled with `set_option linter.style.haveILetI false`
⚠ [8735/8736] Replayed Lib.AlgebraicTopology.Hurewicz.HopfDegree
warning: Lib/AlgebraicTopology/Hurewicz/HopfDegree.lean:84:4: Try this: 
  letI̵

The goal is a proposition, so `let` is preferred over `letI`.
The difference between `let` and `letI` is that `letI` inlines the value.
But this is not relevant for proofs because of proof irrelevance.

Note: This linter can be disabled with `set_option linter.style.haveILetI false`
warning: Lib/AlgebraicTopology/Hurewicz/HopfDegree.lean:85:4: Try this: 
  letI̵

The goal is a proposition, so `let` is preferred over `letI`.
The difference between `let` and `letI` is that `letI` inlines the value.
But this is not relevant for proofs because of proof irrelevance.

Note: This linter can be disabled with `set_option linter.style.haveILetI false`
warning: Lib/AlgebraicTopology/Hurewicz/HopfDegree.lean:102:2: Try this: 
  letI̵

The goal is a proposition, so `let` is preferred over `letI`.
The difference between `let` and `letI` is that `letI` inlines the value.
But this is not relevant for proofs because of proof irrelevance.

Note: This linter can be disabled with `set_option linter.style.haveILetI false`
warning: Lib/AlgebraicTopology/Hurewicz/HopfDegree.lean:272:2: Try this: 
  letI̵

The goal is a proposition, so `let` is preferred over `letI`.
The difference between `let` and `letI` is that `letI` inlines the value.
But this is not relevant for proofs because of proof irrelevance.

Note: This linter can be disabled with `set_option linter.style.haveILetI false`
⚠ [8736/8736] Built Lib.AlgebraicTopology.Hurewicz.Naturality (3.0s)
warning: Lib/AlgebraicTopology/Hurewicz/Naturality.lean:217:4: Try this: 
  letI̵

The goal is a proposition, so `let` is preferred over `letI`.
The difference between `let` and `letI` is that `letI` inlines the value.
But this is not relevant for proofs because of proof irrelevance.

Note: This linter can be disabled with `set_option linter.style.haveILetI false`
warning: Lib/AlgebraicTopology/Hurewicz/Naturality.lean:218:4: Try this: 
  letI̵

The goal is a proposition, so `let` is preferred over `letI`.
The difference between `let` and `letI` is that `letI` inlines the value.
But this is not relevant for proofs because of proof irrelevance.

Note: This linter can be disabled with `set_option linter.style.haveILetI false`
Build completed successfully (8736 jobs).
exit 0
end 05:02:28 epoch 1789268548
