CMD: PATH=... lake env lean C16_CaptureOldNames.lean
start 05:19:04
Mathoverflow1973.SecondHurewicz.SimplyConnected.normalizedTetrahedron.congr_simp
Mathoverflow1973.SecondHurewicz.SimplyConnected.straightenedTwoCycle_class
Mathoverflow1973.SecondHurewicz.SimplyConnected.cylinderDenominator_ne_zero
Mathoverflow1973.SecondHurewicz.SimplyConnected.tetrahedronQuadrilateralA_boundary
Mathoverflow1973.SecondHurewicz.SimplyConnected.cyclicTriangleQuotient_blend_boundary
Mathoverflow1973.SecondHurewicz.SimplyConnected.subdivisionUpperNegativeMap.eq_1
Mathoverflow1973.SecondHurewicz.SimplyConnected.triangleQuotient_one
Mathoverflow1973.SecondHurewicz.SimplyConnected.upperSquareTriangle.eq_1
Mathoverflow1973.SecondHurewicz.SimplyConnected.subdivisionWarpCoordinate_zero
Mathoverflow1973.SecondHurewicz.SimplyConnected.minimumCoordinate_le
Mathoverflow1973.SecondHurewicz.squareHomologyClass_transAt
Mathoverflow1973.SecondHurewicz.SimplyConnected.basedTriangleCycle_val
Mathoverflow1973.SecondHurewicz.SimplyConnected.normalizedTetrahedronMap_face
Mathoverflow1973.SecondHurewicz.SimplyConnected.rotationVector
Mathoverflow1973.SecondHurewicz.SimplyConnected.tetrahedronSimplexBlend_one
Mathoverflow1973.SecondHurewicz.SimplyConnected.cylinderRetraction_val_of_mem
Mathoverflow1973.SecondHurewicz.SimplyConnected.hurewiczInverse_comp_hurewiczMap
Mathoverflow1973.SecondHurewicz.SimplyConnected.quarterTurnHomotopyMap_zero
Mathoverflow1973.SecondHurewicz.SimplyConnected.squareTriangles_diagonal
Mathoverflow1973.SecondHurewicz.SimplyConnected.simplexFaceInverse
Mathoverflow1973.SecondHurewicz.SimplyConnected.triangleEdgeStraighteningHomotopy_one_boundary
Mathoverflow1973.SecondHurewicz.SimplyConnected.normalizedTwoChain.congr_simp
Mathoverflow1973.SecondHurewicz.SimplyConnected.subdivisionUpperProductLoop
Mathoverflow1973.SecondHurewicz.SimplyConnected.vertexNormalizedTwoCycle_class
Mathoverflow1973.SecondHurewicz.SimplyConnected.simplexFace_range
Mathoverflow1973.SecondHurewicz.SimplyConnected.normalizedTriangleCycleOperator.congr_simp
Mathoverflow1973.SecondHurewicz.SimplyConnected.normalizedTriangle_boundary_relation
Mathoverflow1973.SecondHurewicz.SimplyConnected.subdivisionUpperConeTriangle_sides
Mathoverflow1973.SecondHurewicz.SimplyConnected.rotationNormalized_norm_boundary
Mathoverflow1973.SecondHurewicz.SimplyConnected.edgeNullHomotopy_vertex_zero
Mathoverflow1973.SecondHurewicz.SimplyConnected.cylinderRetraction_side
Mathoverflow1973.SecondHurewicz.SimplyConnected.triangleEdgeStraighteningHomotopy.congr_simp
Mathoverflow1973.SecondHurewicz.SimplyConnected.subdivisionUpperNegativeReversedMap
Mathoverflow1973.SecondHurewicz.SimplyConnected.tetrahedronShiftedLowerLoop_eq_face
Mathoverflow1973.SecondHurewicz.SimplyConnected.triangleCyclicPermutation
Mathoverflow1973.SecondHurewicz.SimplyConnected.chosenBasePath.eq_1
Mathoverflow1973.SecondHurewicz.SimplyConnected.normalizedTriangleCycleOperator
Mathoverflow1973.SecondHurewicz.SimplyConnected.lowerProductTriangle
Mathoverflow1973.SecondHurewicz.suspensionOne_toLoop
Mathoverflow1973.SecondHurewicz.SimplyConnected.retractedCoordinate_nonneg
Mathoverflow1973.SecondHurewicz.SimplyConnected.rotationUncenter_boundary
Mathoverflow1973.SecondHurewicz.SimplyConnected.squareUpperNormalization_outerFace
Mathoverflow1973.SecondHurewicz.SimplyConnected.rotationBlend_ne_zero
Mathoverflow1973.SecondHurewicz.SimplyConnected.rotationBlend.eq_1
Mathoverflow1973.SecondHurewicz.SimplyConnected.quarterTurn
Mathoverflow1973.SecondHurewicz.pathSquareCycle
Mathoverflow1973.SecondHurewicz.SimplyConnected.tetrahedronEdgeStraighteningHomotopy_face
Mathoverflow1973.SecondHurewicz.SimplyConnected.rotatedSquareLoop_class
Mathoverflow1973.SecondHurewicz.evaluation_one
Mathoverflow1973.SecondHurewicz.SimplyConnected.glueFaceHomotopies
Mathoverflow1973.SecondHurewicz.SimplyConnected.cylinderRetraction_bottom
Mathoverflow1973.SecondHurewicz.SimplyConnected.subdivisionUpperNegativeMap_based
Mathoverflow1973.SecondHurewicz.SimplyConnected.basedTrianglesLoop_apply
Mathoverflow1973.SecondHurewicz.SimplyConnected.simplexPrism.eq_1
Mathoverflow1973.SecondHurewicz.SimplyConnected.prismOperator_domain
Mathoverflow1973.SecondHurewicz.SimplyConnected.triangleCyclicPermutation_boundary
Mathoverflow1973.SecondHurewicz.SimplyConnected.lowerSquareTriangle_one
Mathoverflow1973.SecondHurewicz.SimplyConnected.triangleClassOperator_squareChain
Mathoverflow1973.SecondHurewicz.squareChain.eq_1
Mathoverflow1973.SecondHurewicz.SimplyConnected.lowerProductTriangle_fst
Mathoverflow1973.SecondHurewicz.SimplyConnected.vertexStraighteningHomotopy_timeSlice_zero
Mathoverflow1973.SecondHurewicz.SimplyConnected.rotatedSquareLoop_homotopy
Mathoverflow1973.SecondHurewicz.SimplyConnected.normalizedTwoChain
Mathoverflow1973.SecondHurewicz.SimplyConnected.upperProductTriangle.eq_1
Mathoverflow1973.SecondHurewicz.SimplyConnected.normalizedTetrahedronMap
Mathoverflow1973.SecondHurewicz.SimplyConnected.subdivisionLowerSquareTriangle_based
Mathoverflow1973.SecondHurewicz.SimplyConnected.retracted_mem_bottomOrSide
Mathoverflow1973.SecondHurewicz.SimplyConnected.subdivisionSubMin
Mathoverflow1973.SecondHurewicz.SimplyConnected.subdivisionPullbackLoop.eq_1
Mathoverflow1973.SecondHurewicz.intervalChain.eq_1
Mathoverflow1973.SecondHurewicz.fundamentalSquareChain
Mathoverflow1973.SecondHurewicz.SimplyConnected.basedTriangleLoop
Mathoverflow1973.SecondHurewicz.SimplyConnected.edgeStraighteningHomotopy_one
Mathoverflow1973.SecondHurewicz.SimplyConnected.subdivisionSquare_boundary_cases
Mathoverflow1973.SecondHurewicz.SimplyConnected.subdivisionSubMin_zero_left
Mathoverflow1973.SecondHurewicz.SimplyConnected.chosenBasePath
Mathoverflow1973.SecondHurewicz.SimplyConnected.edgeNullHomotopy_zero
Mathoverflow1973.SecondHurewicz.SimplyConnected.CofaceCompatible
Mathoverflow1973.SecondHurewicz.SimplyConnected.subdivision_basedTriangleClass_sum
Mathoverflow1973.SecondHurewicz.SimplyConnected.basedTriangleCycle
Mathoverflow1973.SecondHurewicz.mapGenLoop_homotopic
Mathoverflow1973.SecondHurewicz.SimplyConnected.squareAffineTriangle_fst_coe
Mathoverflow1973.SecondHurewicz.SimplyConnected.subdivisionUpperConeMap
Mathoverflow1973.SecondHurewicz.SimplyConnected.hurewiczPi2Equiv
Mathoverflow1973.SecondHurewicz.SimplyConnected.subdivisionUpperPositiveSquareTriangle.eq_1
Mathoverflow1973.SecondHurewicz.SimplyConnected.subdivisionUpperPositiveBasedTriangle
Mathoverflow1973.SecondHurewicz.SimplyConnected.triangleClassOperator.congr_simp
Mathoverflow1973.SecondHurewicz.SimplyConnected.VertexHomotopyData.mk.inj
Mathoverflow1973.SecondHurewicz.SimplyConnected.triangleBoundary
Mathoverflow1973.SecondHurewicz.SimplyConnected.vertexNormalizedSimplex_verticesBased
Mathoverflow1973.SecondHurewicz.SimplyConnected.subdivisionUpperProductMap.eq_1
Mathoverflow1973.SecondHurewicz.SimplyConnected.rotatedSquareLoop
Mathoverflow1973.SecondHurewicz.pathSquare_homotopy_boundary
Mathoverflow1973.SecondHurewicz.crossProductTriangle_point_right
Mathoverflow1973.SecondHurewicz.SimplyConnected.gluedBoundaryMap_bottomInclusion
Mathoverflow1973.SecondHurewicz.SimplyConnected.subdivision_transAt_homotopic
Mathoverflow1973.SecondHurewicz.SimplyConnected.cylinderDenominator_half_le
Mathoverflow1973.SecondHurewicz.SimplyConnected.vertexStepHomotopy_of_verticesBased
Mathoverflow1973.SecondHurewicz.SimplyConnected.sideDenominator_le
Mathoverflow1973.SecondHurewicz.SimplyConnected.faceFamilyMap_factorsThrough
Mathoverflow1973.SecondHurewicz.SimplyConnected.lowerSquareTriangle_outerFace
Mathoverflow1973.SecondHurewicz.SimplyConnected.simplexBoundary_exists_face
Mathoverflow1973.SecondHurewicz.evaluation_right_one_chain
Mathoverflow1973.SecondHurewicz.SimplyConnected.cylinderDenominator_le_one
Mathoverflow1973.SecondHurewicz.SimplyConnected.sideInclusion
Mathoverflow1973.SecondHurewicz.SimplyConnected.rotationCentered.eq_1
Mathoverflow1973.SecondHurewicz.squareMap
Mathoverflow1973.SecondHurewicz.SimplyConnected.quarterTurnHomotopyMap
Mathoverflow1973.SecondHurewicz.SimplyConnected.chainAugmentation_twoCycle
Mathoverflow1973.SecondHurewicz.SimplyConnected.simplexFaceCover_surjective
Mathoverflow1973.SecondHurewicz.SimplyConnected.subdivisionUpperProductMap
Mathoverflow1973.SecondHurewicz.SimplyConnected.rotationUncenter_centered
Mathoverflow1973.SecondHurewicz.SimplyConnected.squareUpperNormalizationHomotopy
Mathoverflow1973.SecondHurewicz.evaluation_right_zero_chain
Mathoverflow1973.SecondHurewicz.SimplyConnected.normalizedTetrahedron
Mathoverflow1973.SecondHurewicz.SimplyConnected.tetrahedronSimplexBlend
Mathoverflow1973.SecondHurewicz.SimplyConnected.rotationVector_norm
Mathoverflow1973.SecondHurewicz.SimplyConnected.subdivisionUpperPositiveSquareTriangle_one
Mathoverflow1973.SecondHurewicz.SimplyConnected.extendBoundaryHomotopy_bottom
Mathoverflow1973.SecondHurewicz.SimplyConnected.subdivision_basedTriangleClass_sub
Mathoverflow1973.SecondHurewicz.SimplyConnected.chosenBasePath_self
Mathoverflow1973.SecondHurewicz.SimplyConnected.simplexPrismOperator
Mathoverflow1973.SecondHurewicz.SimplyConnected.subdivisionLowerTriangleLoop.congr_simp
Mathoverflow1973.SecondHurewicz.squareCoordinates_one
Mathoverflow1973.SecondHurewicz.SimplyConnected.subdivisionBlend
Mathoverflow1973.SecondHurewicz.SimplyConnected.extendBoundaryHomotopy.congr_simp
Mathoverflow1973.SecondHurewicz.SimplyConnected.vertexHomotopy_one
Mathoverflow1973.SecondHurewicz.SimplyConnected.vertexStepHomotopy.eq_1
Mathoverflow1973.SecondHurewicz.SimplyConnected.rotationCentered_norm_boundary
Mathoverflow1973.SecondHurewicz.SimplyConnected.subdivision_toLoop_transAt
Mathoverflow1973.SecondHurewicz.SimplyConnected.subdivisionUpperProductCone_sides
Mathoverflow1973.SecondHurewicz.SimplyConnected.normalizedTriangle
Mathoverflow1973.SecondHurewicz.SimplyConnected.VertexHomotopyData.mk.noConfusion
Mathoverflow1973.SecondHurewicz.SimplyConnected.tetrahedronQuadrilateralA
Mathoverflow1973.SecondHurewicz.SimplyConnected.cyclicTriangleQuotient_commonZero
Mathoverflow1973.SecondHurewicz.SimplyConnected.tetrahedronShiftedUpperLoop_eq_face
Mathoverflow1973.SecondHurewicz.SimplyConnected.basedEdgePath
Mathoverflow1973.SecondHurewicz.SimplyConnected.lowerSquareTriangle.eq_1
Mathoverflow1973.SecondHurewicz.SimplyConnected.subdivision_homotopic
Mathoverflow1973.SecondHurewicz.SimplyConnected.retractedCoordinate_numerator_nonneg
Mathoverflow1973.SecondHurewicz.SimplyConnected.extendBoundaryHomotopy_side
Mathoverflow1973.SecondHurewicz.SimplyConnected.rotationUncenter
Mathoverflow1973.SecondHurewicz.SimplyConnected.rotationCentered_norm_le
Mathoverflow1973.SecondHurewicz.SimplyConnected.simplexPrismOperator_boundary
Mathoverflow1973.SecondHurewicz.SimplyConnected.quarterTurnHomotopyMap_boundary
Mathoverflow1973.SecondHurewicz.SimplyConnected.subdivisionLowerTriangleHomotopy
Mathoverflow1973.SecondHurewicz.SimplyConnected.rotationCentered
Mathoverflow1973.SecondHurewicz.SimplyConnected.cyclicTriangleLoopHomotopy
Mathoverflow1973.SecondHurewicz.SimplyConnected.vertexStraighteningData
Mathoverflow1973.SecondHurewicz.SimplyConnected.subdivisionUpperNegativeLoop
Mathoverflow1973.SecondHurewicz.SimplyConnected.timeSlice_face
Mathoverflow1973.SecondHurewicz.SimplyConnected.VertexHomotopyData.rec
Mathoverflow1973.SecondHurewicz.SimplyConnected.vertexStepHomotopy_of_not_verticesBased
Mathoverflow1973.SecondHurewicz.SimplyConnected.normalizedTriangleCycleOperator_val
Mathoverflow1973.SecondHurewicz.SimplyConnected.vertexStraighteningHomotopy_one_verticesBased
Mathoverflow1973.SecondHurewicz.SimplyConnected.simplexFaceBoundary
Mathoverflow1973.SecondHurewicz.SimplyConnected.continuous_minimumCoordinate
Mathoverflow1973.SecondHurewicz.SimplyConnected.vertexStraighteningHomotopy_face
Mathoverflow1973.SecondHurewicz.SimplyConnected.secondHomologyDesc_cycleClass
Mathoverflow1973.SecondHurewicz.SimplyConnected.vertexBoundaryHomotopy
Mathoverflow1973.SecondHurewicz.SimplyConnected.edgeNullHomotopy_one
Mathoverflow1973.SecondHurewicz.SimplyConnected.retractedSimplex_eq_of_mem
Mathoverflow1973.SecondHurewicz.SimplyConnected.squareLowerNormalizationHomotopy
Mathoverflow1973.SecondHurewicz.SimplyConnected.continuous_cylinderDenominator
Mathoverflow1973.SecondHurewicz.SimplyConnected.barycenterCoordinate
Mathoverflow1973.SecondHurewicz.SimplyConnected.subdivisionLowerProductMap
Mathoverflow1973.SecondHurewicz.SimplyConnected.BasedTriangle
Mathoverflow1973.SecondHurewicz.SimplyConnected.squareMap_leftProductDegenerate
Mathoverflow1973.SecondHurewicz.SimplyConnected.chainAugmentation_simplex
Mathoverflow1973.SecondHurewicz.SimplyConnected.hurewiczMap_comp_hurewiczInverse
Mathoverflow1973.SecondHurewicz.SimplyConnected.simplexBoundary
Mathoverflow1973.SecondHurewicz.SimplyConnected.rotationBlend_zero_vector
Mathoverflow1973.SecondHurewicz.SimplyConnected.vertexStraighteningData.match_1
Mathoverflow1973.SecondHurewicz.SimplyConnected.edgeStraighteningHomotopy_const
Mathoverflow1973.SecondHurewicz.SimplyConnected.constantBasedTriangle
Mathoverflow1973.SecondHurewicz.SimplyConnected.basedEdgePath_const
Mathoverflow1973.SecondHurewicz.SimplyConnected.FaceCompatibleHomotopies
Mathoverflow1973.SecondHurewicz.SimplyConnected.simplexFace_inverse
Mathoverflow1973.SecondHurewicz.SimplyConnected.triangleEdgeStraighteningHomotopy_zero
Mathoverflow1973.SecondHurewicz.SimplyConnected.subdivisionBlend_one
Mathoverflow1973.SecondHurewicz.SimplyConnected.lowerSquareTriangle_zero
Mathoverflow1973.SecondHurewicz.SimplyConnected.subdivisionWarpCoordinate_of_half_lt
Mathoverflow1973.SecondHurewicz.SimplyConnected.triangleQuotient_zero
Mathoverflow1973.SecondHurewicz.SimplyConnected.gluedBoundaryMap
Mathoverflow1973.SecondHurewicz.SimplyConnected.vertexStepHomotopy_faceCompatible
Mathoverflow1973.SecondHurewicz.SimplyConnected.tetrahedronQuarterShift_face_three
Mathoverflow1973.SecondHurewicz.SimplyConnected.simplexPrism
Mathoverflow1973.SecondHurewicz.SimplyConnected.hurewiczMap_comp_triangleClassOperator
Mathoverflow1973.SecondHurewicz.SimplyConnected.tetrahedronQuadrilateralLoop
Mathoverflow1973.SecondHurewicz.SimplyConnected.basedTetrahedron_boundary_relation
Mathoverflow1973.SecondHurewicz.SimplyConnected.basedTriangleClass
Mathoverflow1973.SecondHurewicz.SimplyConnected.subdivisionWarpCoordinate_one
Mathoverflow1973.SecondHurewicz.SimplyConnected.extendBoundaryHomotopy
Mathoverflow1973.SecondHurewicz.pathSquareCycle_val
Mathoverflow1973.SecondHurewicz.SimplyConnected.tetrahedronLowerLoop_eq_face
Mathoverflow1973.SecondHurewicz.SimplyConnected.edgeStraighteningHomotopy_zero
Mathoverflow1973.SecondHurewicz.SimplyConnected.VerticesBased
Mathoverflow1973.SecondHurewicz.SimplyConnected.subdivisionLowerBasedTriangle
Mathoverflow1973.SecondHurewicz.SimplyConnected.SubdivisionSameSide.diagonal
Mathoverflow1973.SecondHurewicz.SimplyConnected.triangleEdgeStraighteningHomotopy_one_face
Mathoverflow1973.SecondHurewicz.SimplyConnected.gluedTriangleHomotopy
Mathoverflow1973.SecondHurewicz.SimplyConnected.rotationBlend_zero
Mathoverflow1973.SecondHurewicz.SimplyConnected.subdivisionUpperConeLoop
Mathoverflow1973.SecondHurewicz.SimplyConnected.edgeStraighteningHomotopy
Mathoverflow1973.SecondHurewicz.SimplyConnected.VertexHomotopyData.noConfusion
Mathoverflow1973.SecondHurewicz.SimplyConnected.simplexCard_pos
Mathoverflow1973.SecondHurewicz.SimplyConnected.subdivisionUpperOrientationHomotopy
Mathoverflow1973.SecondHurewicz.SimplyConnected.tetrahedronQuadrilateral_perimeter
Mathoverflow1973.SecondHurewicz.SimplyConnected.subdivisionLowerTriangleMap.eq_1
Mathoverflow1973.SecondHurewicz.pathSquare_concat_boundary
Mathoverflow1973.SecondHurewicz.SimplyConnected.tetrahedronSimplexBlendMap
Mathoverflow1973.SecondHurewicz.evaluation_comp_toLoop
Mathoverflow1973.SecondHurewicz.productSquareChain
Mathoverflow1973.SecondHurewicz.SimplyConnected.subdivisionSubMin_one_right
Mathoverflow1973.SecondHurewicz.SimplyConnected.basedTrianglesHomotopy_of_faces
Mathoverflow1973.SecondHurewicz.SimplyConnected.vertexStraighteningHomotopy_timeSlice_face
Mathoverflow1973.SecondHurewicz.SimplyConnected.subdivisionTriangle_coordinate_sum
Mathoverflow1973.SecondHurewicz.SimplyConnected.basedTrianglesLoop_lower
Mathoverflow1973.SecondHurewicz.SimplyConnected.simplexFace_two_two
Mathoverflow1973.SecondHurewicz.SimplyConnected.subdivisionWarpCoordinate_apply
Mathoverflow1973.SecondHurewicz.SimplyConnected.rotationNormalized.eq_1
Mathoverflow1973.SecondHurewicz.SimplyConnected.simplexFace_two_three
Mathoverflow1973.SecondHurewicz.SimplyConnected.triangleQuotient
Mathoverflow1973.SecondHurewicz.SimplyConnected.subdivisionWarpLoop_eq_transAt
Mathoverflow1973.SecondHurewicz.SimplyConnected.subdivisionWarpMap_based
Mathoverflow1973.SecondHurewicz.SimplyConnected.subdivisionLinearHomotopy
Mathoverflow1973.SecondHurewicz.hurewiczMap_representative
Mathoverflow1973.SecondHurewicz.SimplyConnected.vertexInitialData
Mathoverflow1973.SecondHurewicz.SimplyConnected.subdivisionUpperNegativeReversedMap.eq_1
Mathoverflow1973.SecondHurewicz.SimplyConnected.subdivisionUpperTriangleMap.eq_1
Mathoverflow1973.SecondHurewicz.SimplyConnected.continuous_retractedSimplex
Mathoverflow1973.SecondHurewicz.evaluation
Mathoverflow1973.SecondHurewicz.SimplyConnected.straightenedTwoCycle
Mathoverflow1973.SecondHurewicz.pathSquareClass_trans
Mathoverflow1973.SecondHurewicz.SimplyConnected.SubdivisionSquare
Mathoverflow1973.SecondHurewicz.SimplyConnected.VertexHomotopyData.of_verticesBased
Mathoverflow1973.SecondHurewicz.SimplyConnected.edgeStraighteningHomotopy_vertex
Mathoverflow1973.SecondHurewicz.SimplyConnected.simplexFace_intersection
Mathoverflow1973.SecondHurewicz.SimplyConnected.subdivisionUpperTriangleHomotopy
Mathoverflow1973.SecondHurewicz.evaluation_comp_right_zero
Mathoverflow1973.SecondHurewicz.SimplyConnected.subdivisionUpperNegativeBasedTriangle_loop_apply
Mathoverflow1973.SecondHurewicz.pathSquareClass_homotopic
Mathoverflow1973.SecondHurewicz.SimplyConnected.VertexHomotopyData.next
Mathoverflow1973.SecondHurewicz.SimplyConnected.cubeBoundary_productBoundary
Mathoverflow1973.SecondHurewicz.SimplyConnected.subdivisionUpperOrientation_additiveClass
Mathoverflow1973.SecondHurewicz.SimplyConnected.lowerSquareTriangle
Mathoverflow1973.SecondHurewicz.SimplyConnected.hurewiczMap_triangleClassOperator_twoCycle
Mathoverflow1973.SecondHurewicz.SimplyConnected.vertexHomotopy
Mathoverflow1973.SecondHurewicz.SimplyConnected.retractedTime_le_one
Mathoverflow1973.SecondHurewicz.SimplyConnected.simplexEndpointOperator_zero
Mathoverflow1973.SecondHurewicz.SimplyConnected.vertexStepHomotopy_face_apply
Mathoverflow1973.SecondHurewicz.boundaryTwo_suspensionOne_of_cycle
Mathoverflow1973.SecondHurewicz.SimplyConnected.triangleQuotient_two
Mathoverflow1973.SecondHurewicz.SimplyConnected.basedTriangleClass.eq_1
Mathoverflow1973.SecondHurewicz.SimplyConnected.VertexHomotopyData.mk.sizeOf_spec
Mathoverflow1973.SecondHurewicz.SimplyConnected.inducedChain_timeSlice
Mathoverflow1973.SecondHurewicz.SimplyConnected.rotationBlend_continuous
Mathoverflow1973.SecondHurewicz.squareHomologyClass
Mathoverflow1973.SecondHurewicz.SimplyConnected.subdivisionUpperPositiveBasedTriangle.congr_simp
Mathoverflow1973.SecondHurewicz.SimplyConnected.faceCompatible_zero
Mathoverflow1973.SecondHurewicz.SimplyConnected.vertexStraighteningHomotopy_timeSlice_of_verticesBased
Mathoverflow1973.SecondHurewicz.SimplyConnected.subdivisionPullbackLoop
Mathoverflow1973.SecondHurewicz.mapGenLoop_val
Mathoverflow1973.SecondHurewicz.SimplyConnected.normalizedTriangle_of_verticesBased
Mathoverflow1973.SecondHurewicz.SimplyConnected.upperSquareTriangle_outerFace
Mathoverflow1973.SecondHurewicz.SimplyConnected.edgeStraighteningHomotopy_face
Mathoverflow1973.SecondHurewicz.SimplyConnected.simplexPrism_boundary
Mathoverflow1973.SecondHurewicz.SimplyConnected.subdivisionUpperConeHomotopy
Mathoverflow1973.SecondHurewicz.SimplyConnected.cyclicBasedTriangle
Mathoverflow1973.SecondHurewicz.SimplyConnected.subdivisionUpperNegativeLoop.eq_1
Mathoverflow1973.SecondHurewicz.SimplyConnected.isClosed_simplexBoundary
Mathoverflow1973.SecondHurewicz.SimplyConnected.subdivisionUpperTriangleMap
Mathoverflow1973.SecondHurewicz.SimplyConnected.extendCoherentSimplexHomotopy_zero
Mathoverflow1973.SecondHurewicz.SimplyConnected.upperProductTriangle_fst
Mathoverflow1973.SecondHurewicz.SimplyConnected.squareNormalizationTriangleHomotopy
Mathoverflow1973.SecondHurewicz.SimplyConnected.simplexFaceCover
Mathoverflow1973.SecondHurewicz.SimplyConnected.vertexStepHomotopy_face
Mathoverflow1973.SecondHurewicz.SimplyConnected.subdivisionWarpCoordinate_of_le_half
Mathoverflow1973.SecondHurewicz.SimplyConnected.rotationBlend_one
Mathoverflow1973.SecondHurewicz.SimplyConnected.basedTrianglesHomotopy
Mathoverflow1973.SecondHurewicz.SimplyConnected.subdivisionOnDiagonal
Mathoverflow1973.SecondHurewicz.SimplyConnected.secondHomologyDesc
Mathoverflow1973.SecondHurewicz.SimplyConnected.simplexFaceCover_isQuotientMap
Mathoverflow1973.SecondHurewicz.SimplyConnected.subdivisionUpperOrientation_homotopic
Mathoverflow1973.SecondHurewicz.SimplyConnected.leftProductDegenerate
Mathoverflow1973.SecondHurewicz.SimplyConnected.triangleCubeQuotient_boundary
Mathoverflow1973.SecondHurewicz.SimplyConnected.hurewiczMap_hurewiczInverse
Mathoverflow1973.SecondHurewicz.SimplyConnected.coherentFaceBoundaryHomotopy
Mathoverflow1973.SecondHurewicz.SimplyConnected.tetrahedronEdgeStraighteningHomotopy_zero
Mathoverflow1973.SecondHurewicz.SimplyConnected.rotationVector.eq_1
Mathoverflow1973.SecondHurewicz.crossProductEdge_point_right
Mathoverflow1973.SecondHurewicz.SimplyConnected.upperProductTriangle_snd
Mathoverflow1973.SecondHurewicz.SimplyConnected.vertexHomotopy_const
Mathoverflow1973.SecondHurewicz.SimplyConnected.chainAugmentation_boundaryTwo
Mathoverflow1973.SecondHurewicz.SimplyConnected.subdivisionUpperPositiveBasedTriangle_class_eq_neg
Mathoverflow1973.SecondHurewicz.SimplyConnected.secondHomologyDesc.congr_simp
Mathoverflow1973.SecondHurewicz.SimplyConnected.subdivisionWarpMap_sides
Mathoverflow1973.SecondHurewicz.pathSquareClass
Mathoverflow1973.SecondHurewicz.SimplyConnected.triangleProperty_of_face
Mathoverflow1973.SecondHurewicz.SimplyConnected.hurewiczInverse
Mathoverflow1973.SecondHurewicz.SimplyConnected.SubdivisionSameSide.rec
Mathoverflow1973.SecondHurewicz.SimplyConnected.bottomOrSide
Mathoverflow1973.SecondHurewicz.evaluated_triangle_endpoint_cancel
Mathoverflow1973.SecondHurewicz.SimplyConnected.upperSquareTriangle_one
Mathoverflow1973.SecondHurewicz.SimplyConnected.subdivisionBlend_based
Mathoverflow1973.SecondHurewicz.SimplyConnected.normalizedTriangleCycleOperator_twoCycle
Mathoverflow1973.SecondHurewicz.SimplyConnected.simplexFace_injective
Mathoverflow1973.SecondHurewicz.SimplyConnected.lowerProductTriangle_snd
Mathoverflow1973.SecondHurewicz.SimplyConnected.basedTrianglesLoop_class
Mathoverflow1973.SecondHurewicz.SimplyConnected.rotationUncenter_congr
Mathoverflow1973.SecondHurewicz.SimplyConnected.edgeNullHomotopy_vertex_one
Mathoverflow1973.SecondHurewicz.SimplyConnected.tetrahedronQuadrilateralA_lower
Mathoverflow1973.SecondHurewicz.SimplyConnected.subdivisionUpperPositiveSquareTriangle_based
Mathoverflow1973.SecondHurewicz.SimplyConnected.subdivisionUpperConeMap.eq_1
Mathoverflow1973.SecondHurewicz.SimplyConnected.basedTriangleClass_cyclic
Mathoverflow1973.SecondHurewicz.SimplyConnected.squareMap_bottomProductDegenerate
Mathoverflow1973.SecondHurewicz.SimplyConnected.SubdivisionSameSide.zero
Mathoverflow1973.SecondHurewicz.suspensionTwo
Mathoverflow1973.SecondHurewicz.SimplyConnected.subdivisionUpperOrientation_class
Mathoverflow1973.SecondHurewicz.SimplyConnected.VertexHomotopyData.noConfusionType
Mathoverflow1973.SecondHurewicz.SimplyConnected.squareNormalizedLowerTriangle
Mathoverflow1973.SecondHurewicz.crossProductTriangle_zero_eq_zeroRight
Mathoverflow1973.SecondHurewicz.SimplyConnected.squareNormalization_quotient
Mathoverflow1973.SecondHurewicz.BasedLoopSpace
Mathoverflow1973.SecondHurewicz.SimplyConnected.retractedCoordinates_sum
Mathoverflow1973.SecondHurewicz.SimplyConnected.minimumCoordinate_eq_zero_of_mem_boundary
Mathoverflow1973.SecondHurewicz.SimplyConnected.triangleEdgeStraighteningHomotopy
Mathoverflow1973.SecondHurewicz.squareCoordinates
Mathoverflow1973.SecondHurewicz.SimplyConnected.bottomProductDegenerate
Mathoverflow1973.SecondHurewicz.SimplyConnected.basedTrianglesLoop_upper
Mathoverflow1973.SecondHurewicz.SimplyConnected.chosenNullHomotopy_refl
Mathoverflow1973.SecondHurewicz.SimplyConnected.normalizedTetrahedronMap_face_boundary
Mathoverflow1973.SecondHurewicz.SimplyConnected.simplexFace_two_zero
Mathoverflow1973.SecondHurewicz.SimplyConnected.normalizedTwoCycle
Mathoverflow1973.SecondHurewicz.SimplyConnected.subdivision_class
Mathoverflow1973.SecondHurewicz.SimplyConnected.lowerProductTriangle.eq_1
Mathoverflow1973.SecondHurewicz.SimplyConnected.normalizedTwoCycle_class
Mathoverflow1973.SecondHurewicz.SimplyConnected.vertexNormalizedSimplex_face
Mathoverflow1973.SecondHurewicz.SimplyConnected.coordinateDenominator_le
Mathoverflow1973.SecondHurewicz.SimplyConnected.upperProductTriangle
Mathoverflow1973.SecondHurewicz.squareCoordinates_zero
Mathoverflow1973.SecondHurewicz.evaluated_edge_endpoint_cancel
Mathoverflow1973.SecondHurewicz.SimplyConnected.VertexHomotopyData
Mathoverflow1973.SecondHurewicz.SimplyConnected.upperSquareTriangle_zero
Mathoverflow1973.SecondHurewicz.SimplyConnected.simplexFaceCylinder
Mathoverflow1973.SecondHurewicz.SimplyConnected.basedTriangleLoop_lower
Mathoverflow1973.SecondHurewicz.SimplyConnected.squareNormalization_class
Mathoverflow1973.SecondHurewicz.SimplyConnected.coherentFaceBoundaryHomotopy_face
Mathoverflow1973.SecondHurewicz.SimplyConnected.subdivisionLowerTriangleLoop_eq_basedTriangleLoop
Mathoverflow1973.SecondHurewicz.SimplyConnected.normalizedTriangle.congr_simp
Mathoverflow1973.SecondHurewicz.SimplyConnected.basedTrianglesLoop_diagonal
Mathoverflow1973.SecondHurewicz.SimplyConnected.rotationDenominator_pos
Mathoverflow1973.SecondHurewicz.SimplyConnected.rotationNormalized_norm_le
Mathoverflow1973.SecondHurewicz.SimplyConnected.subdivisionUpperNegativeBasedTriangle
Mathoverflow1973.SecondHurewicz.suspensionOne_apply
Mathoverflow1973.SecondHurewicz.SimplyConnected.squareNormalization_diagonal
Mathoverflow1973.SecondHurewicz.SimplyConnected.SimplexBoundary
Mathoverflow1973.SecondHurewicz.evaluation_zero
Mathoverflow1973.SecondHurewicz.SimplyConnected.upperSquareTriangle_verticesBased
Mathoverflow1973.SecondHurewicz.SimplyConnected.stationarySimplexHomotopy
Mathoverflow1973.SecondHurewicz.SimplyConnected.subdivisionSubMin_one_left
Mathoverflow1973.SecondHurewicz.SimplyConnected.subdivisionUpperNegativeReversedLoop_eq_symmAt
Mathoverflow1973.SecondHurewicz.SimplyConnected.simplexEndpointOperator
Mathoverflow1973.SecondHurewicz.SimplyConnected.basedTrianglesLoop
Mathoverflow1973.SecondHurewicz.SimplyConnected.tetrahedronQuadrilateralLoop_diagonal
Mathoverflow1973.SecondHurewicz.SimplyConnected.quarterTurnHomotopyMap_one
Mathoverflow1973.SecondHurewicz.SimplyConnected.tetrahedronQuadrilateralA.eq_1
Mathoverflow1973.SecondHurewicz.SimplyConnected.subdivisionUpperTriangleMap_based
Mathoverflow1973.SecondHurewicz.SimplyConnected.barycenterCoordinate_pos
Mathoverflow1973.SecondHurewicz.SimplyConnected.simplexFace_triangleBoundary
Mathoverflow1973.SecondHurewicz.SimplyConnected.simplexPrismOperator_simplex
Mathoverflow1973.SecondHurewicz.SimplyConnected.tetrahedronFillings_class
Mathoverflow1973.SecondHurewicz.SimplyConnected.normalizedTwoCycle_val
Mathoverflow1973.SecondHurewicz.SimplyConnected.normalizedTwoChain_simplex
Mathoverflow1973.SecondHurewicz.SimplyConnected.subdivisionBlend.eq_1
Mathoverflow1973.SecondHurewicz.squareHomologyClass_const
Mathoverflow1973.SecondHurewicz.SimplyConnected.crossPoint_left
Mathoverflow1973.SecondHurewicz.SimplyConnected.rotationNormalized
Mathoverflow1973.SecondHurewicz.SimplyConnected.SubdivisionSameSide.one
Mathoverflow1973.SecondHurewicz.SimplyConnected.squareMap_basedTriangleLoop
Mathoverflow1973.SecondHurewicz.intervalChain
Mathoverflow1973.SecondHurewicz.SimplyConnected.quarterTurn_apply
Mathoverflow1973.SecondHurewicz.SimplyConnected.extendBoundaryHomotopy_boundary
Mathoverflow1973.SecondHurewicz.SimplyConnected.prismOperator_simplex
Mathoverflow1973.SecondHurewicz.SimplyConnected.rotationUncenter_vector
Mathoverflow1973.SecondHurewicz.SimplyConnected.VertexHomotopyData.one_verticesBased
Mathoverflow1973.SecondHurewicz.SimplyConnected.prismOperator
Mathoverflow1973.SecondHurewicz.SimplyConnected.subdivisionLowerTriangleMap
Mathoverflow1973.SecondHurewicz.SimplyConnected.subdivisionUpperNegativeReversedLoop
Mathoverflow1973.SecondHurewicz.SimplyConnected.squareNormalization_edge_face
Mathoverflow1973.SecondHurewicz.SimplyConnected.normalizedTetrahedron_face
Mathoverflow1973.SecondHurewicz.fundamentalSquareChain.eq_1
Mathoverflow1973.SecondHurewicz.SimplyConnected.basedTetrahedronFace
Mathoverflow1973.SecondHurewicz.SimplyConnected.bottomProductDegenerate.eq_1
Mathoverflow1973.SecondHurewicz.productSquareChain_boundary
Mathoverflow1973.SecondHurewicz.SimplyConnected.edgeNullHomotopy
Mathoverflow1973.SecondHurewicz.evaluation_comp_right_one
Mathoverflow1973.SecondHurewicz.SimplyConnected.verticesBased_zero_iff
Mathoverflow1973.SecondHurewicz.SimplyConnected.squareChain_basedTriangleLoop
Mathoverflow1973.SecondHurewicz.SimplyConnected.subdivisionLowerBasedTriangle.congr_simp
Mathoverflow1973.SecondHurewicz.SimplyConnected.rotationDenominator_continuous
Mathoverflow1973.SecondHurewicz.SimplyConnected.timeSlice
Mathoverflow1973.SecondHurewicz.SimplyConnected.rotationNormalized_continuous
Mathoverflow1973.SecondHurewicz.SimplyConnected.squareChain_two_triangles
Mathoverflow1973.SecondHurewicz.SimplyConnected.upperSquareTriangle
Mathoverflow1973.SecondHurewicz.SimplyConnected.lowerSquareTriangle_verticesBased
Mathoverflow1973.SecondHurewicz.suspensionOne
Mathoverflow1973.SecondHurewicz.SimplyConnected.triangleClassOperator_simplex
Mathoverflow1973.SecondHurewicz.SimplyConnected.quarterTurn_boundary
Mathoverflow1973.SecondHurewicz.hurewiczFunction
Mathoverflow1973.SecondHurewicz.SimplyConnected.triangleQuotient_lowerProductTriangle
Mathoverflow1973.SecondHurewicz.SimplyConnected.faceFamilyMap
Mathoverflow1973.SecondHurewicz.SimplyConnected.squareNormalizationHomotopy
Mathoverflow1973.SecondHurewicz.SimplyConnected.comp_secondHomologyDesc_eq_id
Mathoverflow1973.SecondHurewicz.SimplyConnected.tetrahedronFillingsHomotopy
Mathoverflow1973.SecondHurewicz.SimplyConnected.basedTetrahedron_signed_relation
Mathoverflow1973.SecondHurewicz.SimplyConnected.subdivisionUpperNegativeLoop_eq_basedTriangleLoop
Mathoverflow1973.SecondHurewicz.SimplyConnected.vertexNormalizedSimplex_of_verticesBased
Mathoverflow1973.SecondHurewicz.SimplyConnected.simplexEndpointOperator_boundary
Mathoverflow1973.SecondHurewicz.suspensionTwo_apply
Mathoverflow1973.SecondHurewicz.SimplyConnected.BasedTetrahedron
Mathoverflow1973.SecondHurewicz.SimplyConnected.subdivisionBlend_zero
Mathoverflow1973.SecondHurewicz.SimplyConnected.normalizedTriangleCycleOperator_simplex
Mathoverflow1973.SecondHurewicz.SimplyConnected.tetrahedronOneSkeleton
Mathoverflow1973.SecondHurewicz.SimplyConnected.vertexNormalizedTwoCycle
Mathoverflow1973.SecondHurewicz.SimplyConnected.squareNormalization_homotopic
Mathoverflow1973.SecondHurewicz.mapGenLoop_transAt
Mathoverflow1973.SecondHurewicz.SimplyConnected.VertexHomotopyData.mk.injEq
Mathoverflow1973.SecondHurewicz.mapGenLoop_const
Mathoverflow1973.SecondHurewicz.SimplyConnected.rotationDenominator.eq_1
Mathoverflow1973.SecondHurewicz.SimplyConnected.subdivisionUpperProductMap_based
Mathoverflow1973.SecondHurewicz.SimplyConnected.edgeStraightenedTriangle
Mathoverflow1973.SecondHurewicz.SimplyConnected.subdivisionWarpLoop
Mathoverflow1973.SecondHurewicz.SimplyConnected.VertexHomotopyData.zero
Mathoverflow1973.SecondHurewicz.hurewiczMap
Mathoverflow1973.SecondHurewicz.SimplyConnected.tetrahedronSimplexBlend_zero
Mathoverflow1973.SecondHurewicz.SimplyConnected.chosenNullHomotopy.eq_1
Mathoverflow1973.SecondHurewicz.SimplyConnected.VertexHomotopyData.homotopy
Mathoverflow1973.SecondHurewicz.SimplyConnected.VertexHomotopyData.recOn
Mathoverflow1973.SecondHurewicz.SimplyConnected.vertexBoundaryHomotopy_zero
Mathoverflow1973.SecondHurewicz.boundaryThree_suspensionTwo
Mathoverflow1973.SecondHurewicz.SimplyConnected.rotationDenominator
Mathoverflow1973.SecondHurewicz.SimplyConnected.extendCoherentSimplexHomotopy_face
Mathoverflow1973.SecondHurewicz.SimplyConnected.VertexHomotopyData.casesOn
Mathoverflow1973.SecondHurewicz.SimplyConnected.subdivisionWarpCoordinate
Mathoverflow1973.SecondHurewicz.SimplyConnected.hurewicz_basedTriangleClass
Mathoverflow1973.SecondHurewicz.SimplyConnected.extendCoherentSimplexHomotopy
Mathoverflow1973.SecondHurewicz.SimplyConnected.SubdivisionSameSide.recOn
Mathoverflow1973.SecondHurewicz.SimplyConnected.triangleClassOperator_boundary
Mathoverflow1973.SecondHurewicz.squareChain_boundary
Mathoverflow1973.SecondHurewicz.pathSquareClass_homotopy
Mathoverflow1973.SecondHurewicz.SimplyConnected.rotationNormalized_zero
Mathoverflow1973.SecondHurewicz.squareHomologyClass_homotopic
Mathoverflow1973.SecondHurewicz.SimplyConnected.subdivisionLowerProductMap.eq_1
Mathoverflow1973.SecondHurewicz.induced_intervalChain
Mathoverflow1973.SecondHurewicz.SimplyConnected.gluedTriangleHomotopyMap_boundary
Mathoverflow1973.SecondHurewicz.SimplyConnected.prismOperator_apply
Mathoverflow1973.SecondHurewicz.SimplyConnected.glueFaceHomotopies_zero
Mathoverflow1973.SecondHurewicz.SimplyConnected.simplexFace_two_one
Mathoverflow1973.SecondHurewicz.SimplyConnected.prismOperator_boundary
Mathoverflow1973.SecondHurewicz.SimplyConnected.normalizedTwoChain_eq
Mathoverflow1973.SecondHurewicz.SimplyConnected.subdivisionUpperNegativeBasedTriangle.congr_simp
Mathoverflow1973.SecondHurewicz.SimplyConnected.rotationNormalized_one
Mathoverflow1973.SecondHurewicz.SimplyConnected.vertexStraighteningHomotopy.congr_simp
Mathoverflow1973.SecondHurewicz.SimplyConnected.bottomInclusion
Mathoverflow1973.SecondHurewicz.SimplyConnected.triangleQuotient_upperProductTriangle_boundary
Mathoverflow1973.SecondHurewicz.SimplyConnected.tetrahedronUpperLoop_eq_face
Mathoverflow1973.SecondHurewicz.SimplyConnected.vertexStraighteningHomotopy
Mathoverflow1973.SecondHurewicz.SimplyConnected.edgeStraighteningHomotopy.eq_1
Mathoverflow1973.SecondHurewicz.productSquareChain.eq_1
Mathoverflow1973.SecondHurewicz.SimplyConnected.subdivisionUpperConeMap_based
Mathoverflow1973.SecondHurewicz.SimplyConnected.basedTetrahedron_pair_relation
Mathoverflow1973.SecondHurewicz.SimplyConnected.cylinderDenominator_pos
Mathoverflow1973.SecondHurewicz.SimplyConnected.chosenNullHomotopy
Mathoverflow1973.SecondHurewicz.SimplyConnected.VertexHomotopyData.ctorIdx
Mathoverflow1973.SecondHurewicz.SimplyConnected.tetrahedronQuarterShift_index
Mathoverflow1973.SecondHurewicz.Remaining
Mathoverflow1973.SecondHurewicz.SimplyConnected.tetrahedronSimplexBlend_self
Mathoverflow1973.SecondHurewicz.SimplyConnected.subdivisionUpperTriangleLoop.congr_simp
Mathoverflow1973.SecondHurewicz.SimplyConnected.tetrahedronSimplexBlend_zero_coordinate
Mathoverflow1973.SecondHurewicz.SimplyConnected.subdivisionUpperNegativeMap
Mathoverflow1973.SecondHurewicz.SimplyConnected.vertexHomotopy_zero
Mathoverflow1973.SecondHurewicz.SimplyConnected.tetrahedronEdgeStraighteningHomotopy
Mathoverflow1973.SecondHurewicz.SimplyConnected.tetrahedronQuadrilateralB
Mathoverflow1973.SecondHurewicz.SimplyConnected.cylinderRetraction_fix
Mathoverflow1973.SecondHurewicz.SimplyConnected.subdivisionLowerProductMap_based
Mathoverflow1973.SecondHurewicz.SimplyConnected.leftProductDegenerate_fst
Mathoverflow1973.SecondHurewicz.SimplyConnected.tetrahedronQuadrilateralA_upper
Mathoverflow1973.SecondHurewicz.SimplyConnected.VertexHomotopyData.face_compatible
Mathoverflow1973.SecondHurewicz.SimplyConnected.retractedTime_eq_of_mem
Mathoverflow1973.SecondHurewicz.SimplyConnected.vertexStepHomotopy_one_verticesBased
Mathoverflow1973.SecondHurewicz.SimplyConnected.glueFaceHomotopies_face
Mathoverflow1973.SecondHurewicz.toLoop_const
Mathoverflow1973.SecondHurewicz.SimplyConnected.tetrahedronFillings_homotopic
Mathoverflow1973.SecondHurewicz.SimplyConnected.simplexVertex_exists_face
Mathoverflow1973.SecondHurewicz.SimplyConnected.triangleClassOperator
Mathoverflow1973.SecondHurewicz.SimplyConnected.triangleEdgeStraighteningHomotopy_face
Mathoverflow1973.SecondHurewicz.SimplyConnected.subdivision_additiveClass
Mathoverflow1973.SecondHurewicz.SimplyConnected.subdivisionLowerTriangleMap_based
Mathoverflow1973.SecondHurewicz.SimplyConnected.subdivisionLowerProductLoop
Mathoverflow1973.SecondHurewicz.SimplyConnected.subdivisionWarpHomotopy
Mathoverflow1973.SecondHurewicz.squareCoordinates.eq_1
Mathoverflow1973.SecondHurewicz.SimplyConnected.minimumCoordinate_nonneg
Mathoverflow1973.SecondHurewicz.SimplyConnected.tetrahedronQuarterShift
Mathoverflow1973.SecondHurewicz.SimplyConnected.subdivisionUpperProductLoop.eq_1
Mathoverflow1973.SecondHurewicz.SimplyConnected.nextFaceHomotopies_compatible
Mathoverflow1973.SecondHurewicz.SimplyConnected.subdivisionUpperPositiveSquareTriangle_zero
Mathoverflow1973.SecondHurewicz.SimplyConnected.exists_coordinate_eq_minimum
Mathoverflow1973.SecondHurewicz.SimplyConnected.VerticesBased.face
Mathoverflow1973.SecondHurewicz.SimplyConnected.edgeNullHomotopy.congr_simp
Mathoverflow1973.SecondHurewicz.squareHomologyClass_eq_pathSquareClass
Mathoverflow1973.SecondHurewicz.SimplyConnected.card_mul_barycenterCoordinate
Mathoverflow1973.SecondHurewicz.SimplyConnected.subdivisionLowerTriangleLoop
Mathoverflow1973.SecondHurewicz.SimplyConnected.chainAugmentation
Mathoverflow1973.SecondHurewicz.SimplyConnected.simplexFace_mem_boundary
Mathoverflow1973.SecondHurewicz.SimplyConnected.glueFaceHomotopies_unique
Mathoverflow1973.SecondHurewicz.SimplyConnected.simplexEndpointOperator_simplex
Mathoverflow1973.SecondHurewicz.SimplyConnected.retractedTime_nonneg
Mathoverflow1973.SecondHurewicz.SimplyConnected.extendBoundaryHomotopy_face
Mathoverflow1973.SecondHurewicz.SimplyConnected.tetrahedronQuarterShift_face_one
Mathoverflow1973.SecondHurewicz.SimplyConnected.subdivision_eq_sub_of_eq_add
Mathoverflow1973.SecondHurewicz.intervalChain_boundary
Mathoverflow1973.SecondHurewicz.SimplyConnected.squareLowerNormalization_outerFace
Mathoverflow1973.SecondHurewicz.SimplyConnected.subdivisionUpperNegativeReversedMap_based
Mathoverflow1973.SecondHurewicz.SimplyConnected.verticesBased_const
Mathoverflow1973.SecondHurewicz.pathSquareClass_refl
Mathoverflow1973.SecondHurewicz.SimplyConnected.BasedTetrahedron.ofFaces
Mathoverflow1973.SecondHurewicz.SimplyConnected.tetrahedronQuarterIndex
Mathoverflow1973.SecondHurewicz.SimplyConnected.vertexBoundaryHomotopy_face
Mathoverflow1973.SecondHurewicz.SimplyConnected.subdivisionLowerProductLoop.eq_1
Mathoverflow1973.SecondHurewicz.SimplyConnected.chainLift_sub_constant_twoCycle
Mathoverflow1973.SecondHurewicz.SimplyConnected.chainLift_sub_constant
Mathoverflow1973.SecondHurewicz.squareChain
Mathoverflow1973.SecondHurewicz.SimplyConnected.subdivisionUpperTriangleLoop
Mathoverflow1973.SecondHurewicz.SimplyConnected.vertexStepHomotopy_zero
Mathoverflow1973.SecondHurewicz.SimplyConnected.bottomProductDegenerate_snd
Mathoverflow1973.SecondHurewicz.hurewiczPi2
Mathoverflow1973.SecondHurewicz.SimplyConnected.rotationCentered_continuous
Mathoverflow1973.SecondHurewicz.SimplyConnected.tetrahedronQuarterShift_oneSkeleton
Mathoverflow1973.SecondHurewicz.SimplyConnected.retractedSimplex
Mathoverflow1973.SecondHurewicz.SimplyConnected.subdivisionUpperPositiveSquareTriangle
Mathoverflow1973.SecondHurewicz.SimplyConnected.productSquareChain_four_triangles
Mathoverflow1973.SecondHurewicz.SimplyConnected.bottomDenominator_le
Mathoverflow1973.SecondHurewicz.SimplyConnected.vertexStraighteningHomotopy_of_verticesBased
Mathoverflow1973.SecondHurewicz.SimplyConnected.triangleQuotient_perimeter_of_le
Mathoverflow1973.SecondHurewicz.SimplyConnected.edgeNullHomotopy_const
Mathoverflow1973.SecondHurewicz.SimplyConnected.cylinderDenominator
Mathoverflow1973.SecondHurewicz.SimplyConnected.VertexHomotopyData.mk
Mathoverflow1973.SecondHurewicz.SimplyConnected.subdivisionBlendMap
Mathoverflow1973.SecondHurewicz.mapGenLoop
Mathoverflow1973.SecondHurewicz.SimplyConnected.squareAffineTriangle_snd_coe
Mathoverflow1973.SecondHurewicz.SimplyConnected.subdivisionLowerProductLoop.congr_simp
Mathoverflow1973.SecondHurewicz.SimplyConnected.subdivisionUpperTriangleLoop_eq_basedTriangleLoop
Mathoverflow1973.SecondHurewicz.SimplyConnected.gluedBoundaryMap_sideInclusion
Mathoverflow1973.SecondHurewicz.SimplyConnected.coherentFaceBoundaryHomotopy_zero
Mathoverflow1973.SecondHurewicz.SimplyConnected.hurewiczInverse_hurewiczMap
Mathoverflow1973.SecondHurewicz.SimplyConnected.vertexStraighteningHomotopy_const
Mathoverflow1973.SecondHurewicz.SimplyConnected.subdivisionSubMin_zero_right
Mathoverflow1973.SecondHurewicz.SimplyConnected.subdivisionUpperProductLoop.congr_simp
Mathoverflow1973.SecondHurewicz.SimplyConnected.vertexStraighteningHomotopy_zero
Mathoverflow1973.SecondHurewicz.SimplyConnected.simplexBoundary.eq_1
Mathoverflow1973.SecondHurewicz.SimplyConnected.gluedTriangleHomotopyMap
Mathoverflow1973.SecondHurewicz.SimplyConnected.continuous_retractedTime
Mathoverflow1973.SecondHurewicz.SimplyConnected.squareNormalizedUpperTriangle
Mathoverflow1973.SecondHurewicz.SimplyConnected.tetrahedronQuadrilateralA_diagonal
Mathoverflow1973.SecondHurewicz.SimplyConnected.hurewiczInverse_hurewiczMap_mk
Mathoverflow1973.SecondHurewicz.squareCycle
Mathoverflow1973.SecondHurewicz.SimplyConnected.subdivisionWarpCoordinate_of_half_le
Mathoverflow1973.SecondHurewicz.SimplyConnected.tetrahedronShiftedQuadrilateralLoop
Mathoverflow1973.SecondHurewicz.SimplyConnected.cylinderDenominator_eq_one_of_mem
Mathoverflow1973.SecondHurewicz.SimplyConnected.triangleCubeQuotient
Mathoverflow1973.SecondHurewicz.toLoop_transAt
Mathoverflow1973.SecondHurewicz.SimplyConnected.subdivisionWarpCoordinate.eq_1
Mathoverflow1973.SecondHurewicz.SimplyConnected.subdivisionWarpMap
Mathoverflow1973.SecondHurewicz.SimplyConnected.glueFaceHomotopies_time
Mathoverflow1973.SecondHurewicz.SimplyConnected.basedTriangleLoop_upper
Mathoverflow1973.SecondHurewicz.SimplyConnected.tetrahedronShiftedQuadrilateralLoop_diagonal
Mathoverflow1973.SecondHurewicz.SimplyConnected.rotationBlend
Mathoverflow1973.SecondHurewicz.SimplyConnected.cylinderRetraction
Mathoverflow1973.SecondHurewicz.SimplyConnected.faceCompatible_of_cofaceCompatible
Mathoverflow1973.SecondHurewicz.SimplyConnected.vertexStepHomotopy
Mathoverflow1973.SecondHurewicz.SimplyConnected.leftProductDegenerate.eq_1
Mathoverflow1973.SecondHurewicz.SimplyConnected.squareAffineTriangle
Mathoverflow1973.SecondHurewicz.SimplyConnected.SubdivisionSameSide
Mathoverflow1973.SecondHurewicz.SimplyConnected.minimumCoordinate
Mathoverflow1973.SecondHurewicz.SimplyConnected.upperSquareTriangle_quotient
Mathoverflow1973.SecondHurewicz.SimplyConnected.retractedTime
Mathoverflow1973.SecondHurewicz.SimplyConnected.FaceCompatible
Mathoverflow1973.SecondHurewicz.SimplyConnected.subdivisionUpperOrientation_sides
Mathoverflow1973.SecondHurewicz.SimplyConnected.hurewiczInverse_cycleClass
Mathoverflow1973.SecondHurewicz.SimplyConnected.lowerSquareTriangle_quotient
Mathoverflow1973.SecondHurewicz.SimplyConnected.subdivisionLowerProductTriangle_sides
Mathoverflow1973.SecondHurewicz.SimplyConnected.subdivisionSubMin.eq_1
Mathoverflow1973.SecondHurewicz.SimplyConnected.vertexNormalizedSimplex
Mathoverflow1973.SecondHurewicz.SimplyConnected.subdivisionUpperNegativeSquareTriangle_based
Mathoverflow1973.SecondHurewicz.SimplyConnected.SubdivisionSameSide.casesOn
Mathoverflow1973.SecondHurewicz.SimplyConnected.subdivisionWarpMap.eq_1
exit 0
end 05:19:07
