CMD: LEAN_PATH=. lake env lean C16_InterfaceConsumerCheck.lean
start 05:24:20 epoch 1789269860
C16_InterfaceCheck.C1 : (X Y : Type) →
  [inst : TopologicalSpace X] →
    [inst_1 : TopologicalSpace Y] →
      (n : ℕ) →
        ↑(HomologicalComplex.homology (Mathoverflow1973.SingularChains.singularComplex X) 1) →ₗ[ℤ]
          ↑(HomologicalComplex.homology (Mathoverflow1973.SingularChains.singularComplex Y) n) →ₗ[ℤ]
            ↑(HomologicalComplex.homology (Mathoverflow1973.SingularChains.singularComplex (X × Y)) (n + 1))
@C16_InterfaceCheck.C2 : {n : ℕ} →
  Equiv.Perm (Fin n) →
    C(↑(Mathoverflow1973.SingularChains.Simplex n), Mathoverflow1973.Hurewicz.CubeTriangulation.CubeN n)
C16_InterfaceCheck.C3 : (n : ℕ) → ↑(Mathoverflow1973.SingularChains.Simplex n) ≃ₜ (Fin n → ↑unitInterval)
@C16_InterfaceCheck.C4 : {n : ℕ} →
  {X : Type u_1} →
    [inst : TopologicalSpace X] →
      (f : C(↑(Mathoverflow1973.SingularChains.Simplex n), X)) →
        (h : C(↑unitInterval × Mathoverflow1973.Hurewicz.DegreeTwo.SimplyConnected.SimplexBoundary n, X)) →
          (∀ (s : Mathoverflow1973.Hurewicz.DegreeTwo.SimplyConnected.SimplexBoundary n), h (0, s) = f ↑s) →
            C(↑unitInterval × ↑(Mathoverflow1973.SingularChains.Simplex n), X)
@C16_InterfaceCheck.C5 : {X : Type} →
  [inst : TopologicalSpace X] →
    (n : ℕ) →
      (Mathoverflow1973.SingularChains.SingularSimplex X n →
          C(↑unitInterval × ↑(Mathoverflow1973.SingularChains.Simplex n), X)) →
        ↑(Mathoverflow1973.SingularChains.Chains X n) →ₗ[ℤ] ↑(Mathoverflow1973.SingularChains.Chains X (n + 1))
C16_InterfaceCheck.C6 : ∀ (n : ℕ) {X : Type} [inst : TopologicalSpace X] {x : X} (p : ↑(GenLoop (Fin n) X x)),
  Mathoverflow1973.Hurewicz.cubeChain p =
    ∑ e,
      Mathoverflow1973.Hurewicz.CubeTriangulation.cubeOrientation e •
        Mathoverflow1973.SingularChains.simplexChain X n
          ((↑p).comp (Mathoverflow1973.Hurewicz.CubeTriangulation.cubeSimplex e))
@C16_InterfaceCheck.C7 : {X : Type} →
  [inst : TopologicalSpace X] →
    [SimplyConnectedSpace X] →
      (x : X) →
        (n : ℕ) →
          (∀ (j : ℕ), 2 ≤ j → j < n → Subsingleton (HomotopyGroup.Pi j X x)) →
            Mathoverflow1973.SingularChains.SingularSimplex X n →
              C(↑unitInterval × ↑(Mathoverflow1973.SingularChains.Simplex n), X)
@C16_InterfaceCheck.C8 : ∀ {n : ℕ} [inst : Nontrivial (Fin n)] {X : Type u_1} [inst_1 : TopologicalSpace X] {x : X}
  (p : ↑(GenLoop (Fin n) X x)) (hp : Mathoverflow1973.Hurewicz.NativeSubdivision.NativeCubeInternalBased p),
  Additive.ofMul ⟦p⟧ =
    ∑ e,
      Mathoverflow1973.Hurewicz.CubeTriangulation.cubeOrientation e •
        Mathoverflow1973.Hurewicz.SimplexGeometry.basedSimplexClass
          (Mathoverflow1973.Hurewicz.NativeSubdivision.nativeBasedCubeSimplex p hp e)
@C16_InterfaceCheck.C9 : {n : ℕ} →
  {X : Type} →
    [inst : TopologicalSpace X] →
      {x : X} →
        (H₀ :
            C(↑(Mathoverflow1973.SingularChains.Simplex n), X) →
              C(↑unitInterval × ↑(Mathoverflow1973.SingularChains.Simplex n), X)) →
          (H₁ :
              C(↑(Mathoverflow1973.SingularChains.Simplex (n + 1)), X) →
                C(↑unitInterval × ↑(Mathoverflow1973.SingularChains.Simplex (n + 1)), X)) →
            Mathoverflow1973.Hurewicz.DegreeTwo.SimplyConnected.FaceCompatibleHomotopies n H₀ H₁ →
              H₀ (ContinuousMap.const (↑(Mathoverflow1973.SingularChains.Simplex n)) x) =
                  ContinuousMap.const (↑unitInterval × ↑(Mathoverflow1973.SingularChains.Simplex n)) x →
                ↑(GenLoop (Fin (n + 1)) X x) → ↑(GenLoop (Fin (n + 1)) X x)
@C16_InterfaceCheck.C10 : {X : Type} →
  [inst : TopologicalSpace X] →
    [SimplyConnectedSpace X] →
      (x : X) →
        (n : ℕ) →
          (hn : 2 ≤ n) →
            (∀ (j : ℕ), 2 ≤ j → j < n → Subsingleton (HomotopyGroup.Pi j X x)) →
              Additive (HomotopyGroup.Pi n X x) ≃ₗ[ℤ] ↑(Mathoverflow1973.SingularMayerVietoris.SingularHomology X n)
@C16_InterfaceCheck.C11 : {n : ℕ} →
  0 < n →
    {X : Type u_1} →
      [inst : TopologicalSpace X] → {x : X} → ↑(GenLoop (Fin n) X x) → C(↑(Mathoverflow1973.SphereCube.Sphere n), X)
@C16_InterfaceCheck.C12 : ∀ {V X : Type} [inst : NormedAddCommGroup V] [inst_1 : NormedSpace ℝ V]
  [FiniteDimensional ℝ V] [inst_3 : TopologicalSpace X] [PathConnectedSpace X] {d : ℕ},
  (∀ (n : ℕ), 0 < n → n < d → ∀ (x : X), Subsingleton (HomotopyGroup.Pi n X x)) →
    Module.finrank ℝ V + 1 ≤ d →
      ∀ (f g : C(↑Mathoverflow1973.DiskCylinder.Disk, X))
        (H : C(↑unitInterval × ↑Mathoverflow1973.DiskCylinder.Sphere, X)),
        (∀ (s : ↑Mathoverflow1973.DiskCylinder.Sphere), H (0, s) = f (Mathoverflow1973.DiskCylinder.boundaryToDisk s)) →
          (∀ (s : ↑Mathoverflow1973.DiskCylinder.Sphere),
              H (1, s) = g (Mathoverflow1973.DiskCylinder.boundaryToDisk s)) →
            ∀ (x : X),
              ∃ G,
                (∀ (z : ↑Mathoverflow1973.DiskCylinder.Disk), G (0, z) = f z) ∧
                  (∀ (z : ↑Mathoverflow1973.DiskCylinder.Disk), G (1, z) = g z) ∧
                    ∀ (t : ↑unitInterval) (s : ↑Mathoverflow1973.DiskCylinder.Sphere),
                      G (t, Mathoverflow1973.DiskCylinder.boundaryToDisk s) = H (t, s)
@C16_InterfaceCheck.C13 : ∀ {m : ℕ} {X : Type} [inst : TopologicalSpace X] [SimplyConnectedSpace X] {x : X},
  (∀ (j : ℕ), 2 ≤ j → j < m + 2 → Subsingleton (HomotopyGroup.Pi j X x)) →
    ∀ (f g : C(↑(Mathoverflow1973.SphereCube.Sphere (m + 2)), X)),
      f (Mathoverflow1973.SphereCube.point (m + 2)) = x →
        g (Mathoverflow1973.SphereCube.point (m + 2)) = x →
          (Mathoverflow1973.SingularMayerVietoris.singularHomologyMap f (m + 2))
                (Mathoverflow1973.Hurewicz.cubeHomologyClass (Mathoverflow1973.SphereCube.quotientLoop (m + 2))) =
              (Mathoverflow1973.SingularMayerVietoris.singularHomologyMap g (m + 2))
                (Mathoverflow1973.Hurewicz.cubeHomologyClass (Mathoverflow1973.SphereCube.quotientLoop (m + 2))) →
            f.HomotopicRel g {Mathoverflow1973.SphereCube.point (m + 2)}
exit 0
end 05:24:23 epoch 1789269863
