CMD: python3 scripts/lib_stock_census.py --check
start 1789322708
stock declarations under Hopf/: 1639  (prefixes: 222, prefixes now absent from Hopf/: 77)
  extracted (no longer under Hopf/): DiskCone
  extracted (no longer under Hopf/): DiskDouble
  extracted (no longer under Hopf/): Hemisphere
  extracted (no longer under Hopf/): HomologyTransport
  extracted (no longer under Hopf/): IntegerPresentation
  extracted (no longer under Hopf/): =SixSphere
  extracted (no longer under Hopf/): SphereReflection
  extracted (no longer under Hopf/): =SublevelDisk
  extracted (no longer under Hopf/): SuspensionReflection
  extracted (no longer under Hopf/): =TwoDiskDecomposition
  extracted (no longer under Hopf/): TwoDiskDecomposition
  extracted (no longer under Hopf/): =homeomorphSphereOfSublevelDisks
  extracted (no longer under Hopf/): =homeomorphic_sixSphere_of_homotopySixSphere
  extracted (no longer under Hopf/): =homotopySixSphere_homology_subsingleton
  extracted (no longer under Hopf/): =negLevelHomeomorph
  extracted (no longer under Hopf/): =pathConnectedSpace_of_homotopySixSphere
  extracted (no longer under Hopf/): =simplyConnectedSpace_of_homotopySixSphere
  extracted (no longer under Hopf/): =twoDiskDecompositionOfSublevels
  extracted (no longer under Hopf/): BasedDiskLifting
  extracted (no longer under Hopf/): DiskCube
  extracted (no longer under Hopf/): FieldChartGluing
  extracted (no longer under Hopf/): FlowCancellation
  extracted (no longer under Hopf/): FlowTimeChange
  extracted (no longer under Hopf/): LowCellLifting
  extracted (no longer under Hopf/): MorseCancellationPreservation
  extracted (no longer under Hopf/): MorseCells
  extracted (no longer under Hopf/): NativeCubicCancellation
  extracted (no longer under Hopf/): SignedCoordinates
  extracted (no longer under Hopf/): Threefold
  extracted (no longer under Hopf/): TopCellLifting
  extracted (no longer under Hopf/): TransverseGerms
  extracted (no longer under Hopf/): =exists_right_homotopy_inverse
  extracted (no longer under Hopf/): =right_inverse_is_left_inverse
  extracted (no longer under Hopf/): =sphereHomotopyEquiv
  extracted (no longer under Hopf/): =sphereMap_piSix_bijective
  extracted (no longer under Hopf/): =threefoldHomotopyEquiv
  extracted (no longer under Hopf/): =hyperplaneReflectionOperator
  extracted (no longer under Hopf/): =hyperplaneReflectionOperator_apply
  extracted (no longer under Hopf/): SmoothMorseLemma
  extracted (no longer under Hopf/): LineBundleTransport
  extracted (no longer under Hopf/): SingularMayerVietoris
  extracted (no longer under Hopf/): SphereHomology
  extracted (no longer under Hopf/): EuclideanSphere
  extracted (no longer under Hopf/): SixSphereHomology
  extracted (no longer under Hopf/): ManifoldAtlasTransport
  extracted (no longer under Hopf/): PeriodTorusHigherHomologyExterior
  extracted (no longer under Hopf/): HigherHurewicz
  extracted (no longer under Hopf/): SecondHurewicz
  extracted (no longer under Hopf/): ThirdHurewicz
  extracted (no longer under Hopf/): FourthHurewicz
  extracted (no longer under Hopf/): FifthHurewicz
  extracted (no longer under Hopf/): FundamentalGroup.VanKampen
  extracted (no longer under Hopf/): SimplyConnectedCover
  extracted (no longer under Hopf/): TriangleRegularBaseFundamentalGroup
  extracted (no longer under Hopf/): _root_
  extracted (no longer under Hopf/): RiemannMapping
  extracted (no longer under Hopf/): RiemannBoundary
  extracted (no longer under Hopf/): SchwarzReflection
  extracted (no longer under Hopf/): RiemannSphere
  extracted (no longer under Hopf/): TriangleRiemannNormalization
  extracted (no longer under Hopf/): HolomorphicCousin
  extracted (no longer under Hopf/): AnalyticRootCover
  extracted (no longer under Hopf/): AnalyticRootCoverContinuation
  extracted (no longer under Hopf/): OnePointAtlas
  extracted (no longer under Hopf/): TwoAffineCharts
  extracted (no longer under Hopf/): FreeActionLocus
  extracted (no longer under Hopf/): CoveringQuotient
  extracted (no longer under Hopf/): DiscreteQuotient
  extracted (no longer under Hopf/): InvariantSubsetQuotient
  extracted (no longer under Hopf/): CoveringOrthant
  extracted (no longer under Hopf/): ProductRestriction
  extracted (no longer under Hopf/): DiagonalQuotient
  extracted (no longer under Hopf/): TwoOpenTransition
  extracted (no longer under Hopf/): SplitGroupExtension
  extracted (no longer under Hopf/): ThreefoldHomologyFinitenessRetraction
  extracted (no longer under Hopf/): CuspRetraction.Patching
  extracted (no longer under Hopf/): TwistGroup
ratchet PASS: 1639 <= baseline 1648
exit 0
end 1789322709
