CMD: lake build Lib
start 1789321196
⚠ [8778/8815] Replayed Lib.AlgebraicTopology.Hurewicz.CubeChainDecomposition
warning: Lib/AlgebraicTopology/Hurewicz/CubeChainDecomposition.lean:1399:56: This simp argument is unused:
  Function.update_of_ne hj

Hint: Omit it from the simp argument list.
  [apply] simp [Hurewicz.cubeScaleLeft, ContinuousMap.coe_mk, Hurewicz.cubeCoordinates_succ]

Note: This linter can be disabled with `set_option linter.unusedSimpArgs false`
warning: Lib/AlgebraicTopology/Hurewicz/CubeChainDecomposition.lean:1415:57: This simp argument is unused:
  Function.update_of_ne hj

Hint: Omit it from the simp argument list.
  [apply] simp [Hurewicz.cubeScaleRight, ContinuousMap.coe_mk, Hurewicz.cubeCoordinates_succ]

Note: This linter can be disabled with `set_option linter.unusedSimpArgs false`
warning: Lib/AlgebraicTopology/Hurewicz/CubeChainDecomposition.lean:1535:81: This simp argument is unused:
  hri

Hint: Omit it from the simp argument list.
  [apply] simp [Hurewicz.cubeScaleRight, ContinuousMap.coe_mk, Function.update_self, ht0]

Note: This linter can be disabled with `set_option linter.unusedSimpArgs false`
warning: Lib/AlgebraicTopology/Hurewicz/CubeChainDecomposition.lean:1784:72: This simp argument is unused:
  ContinuousMap.const_comp

Hint: Omit it from the simp argument list.
  [apply] simp [SingularChains.pointChain, SingularChains.inducedChain_simplex]

Note: This linter can be disabled with `set_option linter.unusedSimpArgs false`
⚠ [8779/8815] Replayed Lib.AlgebraicTopology.Hurewicz.Straightening
warning: Lib/AlgebraicTopology/Hurewicz/Straightening.lean:799:6: Try this: 
  haveI̵

The goal is a proposition, so `have` is preferred over `haveI`.
The difference between `have` and `haveI` is that `haveI` inlines the value.
But this is not relevant for proofs because of proof irrelevance.

Note: This linter can be disabled with `set_option linter.style.haveILetI false`
warning: Lib/AlgebraicTopology/Hurewicz/Straightening.lean:835:2: Try this: 
  haveI̵

The goal is a proposition, so `have` is preferred over `haveI`.
The difference between `have` and `haveI` is that `haveI` inlines the value.
But this is not relevant for proofs because of proof irrelevance.

Note: This linter can be disabled with `set_option linter.style.haveILetI false`
⚠ [8780/8815] Replayed Lib.AlgebraicTopology.Hurewicz.CubeSphere
warning: Lib/AlgebraicTopology/Hurewicz/CubeSphere.lean:583:32: This simp argument is unused:
  Submodule.coe_sub

Hint: Omit it from the simp argument list.
  [apply] simp only [Submodule.coe_add, Hurewicz.cubeCycle_val, map_sub, hWextra]

Note: This linter can be disabled with `set_option linter.unusedSimpArgs false`
warning: Lib/AlgebraicTopology/Hurewicz/CubeSphere.lean:790:4: Try this: 
  letI̵

The goal is a proposition, so `let` is preferred over `letI`.
The difference between `let` and `letI` is that `letI` inlines the value.
But this is not relevant for proofs because of proof irrelevance.

Note: This linter can be disabled with `set_option linter.style.haveILetI false`
warning: Lib/AlgebraicTopology/Hurewicz/CubeSphere.lean:798:4: Try this: 
  letI̵

The goal is a proposition, so `let` is preferred over `letI`.
The difference between `let` and `letI` is that `letI` inlines the value.
But this is not relevant for proofs because of proof irrelevance.

Note: This linter can be disabled with `set_option linter.style.haveILetI false`
warning: Lib/AlgebraicTopology/Hurewicz/CubeSphere.lean:940:21: Used `tac1 <;> tac2` where `(tac1; tac2)` would suffice

Note: This linter can be disabled with `set_option linter.unnecessarySeqFocus false`
⚠ [8786/8815] Replayed Lib.AlgebraicTopology.Hurewicz.HopfDegree
warning: Lib/AlgebraicTopology/Hurewicz/HopfDegree.lean:84:4: Try this: 
  letI̵

The goal is a proposition, so `let` is preferred over `letI`.
The difference between `let` and `letI` is that `letI` inlines the value.
But this is not relevant for proofs because of proof irrelevance.

Note: This linter can be disabled with `set_option linter.style.haveILetI false`
warning: Lib/AlgebraicTopology/Hurewicz/HopfDegree.lean:85:4: Try this: 
  letI̵

The goal is a proposition, so `let` is preferred over `letI`.
The difference between `let` and `letI` is that `letI` inlines the value.
But this is not relevant for proofs because of proof irrelevance.

Note: This linter can be disabled with `set_option linter.style.haveILetI false`
warning: Lib/AlgebraicTopology/Hurewicz/HopfDegree.lean:102:2: Try this: 
  letI̵

The goal is a proposition, so `let` is preferred over `letI`.
The difference between `let` and `letI` is that `letI` inlines the value.
But this is not relevant for proofs because of proof irrelevance.

Note: This linter can be disabled with `set_option linter.style.haveILetI false`
warning: Lib/AlgebraicTopology/Hurewicz/HopfDegree.lean:272:2: Try this: 
  letI̵

The goal is a proposition, so `let` is preferred over `letI`.
The difference between `let` and `letI` is that `letI` inlines the value.
But this is not relevant for proofs because of proof irrelevance.

Note: This linter can be disabled with `set_option linter.style.haveILetI false`
⚠ [8791/8815] Built Lib.AlgebraicTopology.Hurewicz.Naturality (14s)
warning: Lib/AlgebraicTopology/Hurewicz/Naturality.lean:231:4: Try this: 
  letI̵

The goal is a proposition, so `let` is preferred over `letI`.
The difference between `let` and `letI` is that `letI` inlines the value.
But this is not relevant for proofs because of proof irrelevance.

Note: This linter can be disabled with `set_option linter.style.haveILetI false`
warning: Lib/AlgebraicTopology/Hurewicz/Naturality.lean:232:4: Try this: 
  letI̵

The goal is a proposition, so `let` is preferred over `letI`.
The difference between `let` and `letI` is that `letI` inlines the value.
But this is not relevant for proofs because of proof irrelevance.

Note: This linter can be disabled with `set_option linter.style.haveILetI false`
✔ [8792/8815] Built Lib.Topology.Homotopy.CellFilling (21s)
✔ [8793/8815] Built Lib.GroupTheory.SplitExtension (24s)
✔ [8794/8815] Built Lib.Topology.MappingTorus.Basic (25s)
✔ [8795/8815] Built Lib.AlgebraicTopology.SingularHomology.Torus (26s)
✔ [8796/8815] Built Lib.AlgebraicTopology.SingularHomology.Pontryagin (26s)
✔ [8797/8815] Built Lib.Topology.FiberBundle.TwoOpenTransition (27s)
✔ [8798/8815] Built Lib.Geometry.Manifold.Instances.RiemannSphere (28s)
✔ [8799/8815] Built Lib.Topology.Algebra.FreeActionLocus (30s)
✔ [8800/8815] Built Lib.Topology.Covering.DiagonalQuotient (35s)
✔ [8801/8815] Built Lib.Topology.Covering.Quotient (37s)
✔ [8802/8815] Built Lib.Topology.Covering.InvariantSubset (38s)
✔ [8803/8815] Built Lib.GroupTheory.PresentedGroup.CentralTwist (23s)
✔ [8804/8815] Built Lib.Geometry.Manifold.Quotient.Atlas (17s)
✔ [8805/8815] Built Lib.Geometry.Manifold.Quotient.LocalOrbit (18s)
✔ [8806/8815] Built Lib.Topology.MappingTorus.HomologyCover (25s)
✔ [8807/8815] Built Lib.Analysis.Complex.Mobius (25s)
✔ [8808/8815] Built Lib.Analysis.Complex.RiemannMapping.Steps (26s)
✔ [8809/8815] Built Lib.Geometry.Manifold.Complex.Biholomorph (8.8s)
✔ [8810/8815] Built Lib.Analysis.Complex.SchwarzReflection (10s)
✔ [8811/8815] Built Lib.Analysis.Complex.RiemannMapping (18s)
✔ [8812/8815] Built Lib.Analysis.Complex.SquareRoot (11s)
✔ [8813/8815] Built Lib.Analysis.Complex.Cousin (15s)
✔ [8814/8815] Built Lib (5.5s)
Build completed successfully (8815 jobs).
exit 0
end 1789321308
