Lib/Geometry/Manifold/Collar.lean:382:9: error: Tactic `rcases` failed: `x✝ : IsLocalDiffeomorphAt (𝓘(ℝ, E).prod 𝓘(ℝ, e.NormalModel)) (𝓡 e.ambientDimension) ∞
  (e.localNormalDisplacement x) (x, 0)` is not an inductive datatype
Lib/Geometry/Manifold/Collar.lean:405:11: error: Tactic `rcases` failed: `a✝ : IsLocalDiffeomorphAt (𝓘(ℝ, E).prod 𝓘(ℝ, e.NormalModel)) (𝓡 e.ambientDimension) ∞
  e.normalDisplacement v` is not an inductive datatype
Lib/Geometry/Manifold/Collar.lean:423:9: error: Tactic `rcases` failed: `x✝ : IsLocalDiffeomorphAt (𝓘(ℝ, E).prod 𝓘(ℝ, e.NormalModel)) (𝓡 e.ambientDimension) ∞
  e.normalDisplacement (Bundle.zeroSection e.NormalModel e.NormalSpace x)` is not an inductive datatype
Lib/Geometry/Manifold/Collar.lean:493:9: error: Tactic `rcases` failed: `x✝ : IsLocalDiffeomorphAt (𝓘(ℝ, E).prod 𝓘(ℝ, e.NormalModel)) (𝓡 e.ambientDimension) ∞
  e.normalDisplacement ↑⟨↑p.symm y, hx⟩` is not an inductive datatype
Lib/Geometry/Manifold/Collar.lean:1541:4: error: Invalid `⟨...⟩` notation: The expected type
  IsLocalDiffeomorphAt 𝓘(ℝ, D × EuclideanSpace ℝ (Fin n)) 𝓘(ℝ, E) ∞ ↑Φ.toPartialEquiv ↑p
is not an inductive type

Note: This notation can only be used when the expected type is an inductive type with a single constructor
Lib/Geometry/Manifold/Collar.lean:1811:0: error: Not a definitional equality: the left-hand side
  (bumpTranslation hs hβ a ha) x
is not definitionally equal to the right-hand side
  x + β x • a
Lib/Geometry/Manifold/Collar.lean:1815:2: error: Type mismatch
  rfl
has type
  ?m.46 = ?m.46
but is expected to have type
  (bumpTranslation hs hβ a ha) x = x + β x • a

Note: The following definitions were not unfolded because their definition is not exposed:
  IsLocalDiffeomorph.diffeomorphOfBijective ↦ 8
Lib/Geometry/Manifold/Collar.lean:1842:51: error: Type mismatch
  rfl
has type
  ?m.255 = ?m.255
but is expected to have type
  (bumpTranslation hs hk a hsmall) x✝ = x✝ + β x✝ • a

Note: The following definitions were not unfolded because their definition is not exposed:
  IsLocalDiffeomorph.diffeomorphOfBijective ↦ 8
